C:/Users/Grace/STM32CubeIDE/workspace_1.15.1/NUCLEO-F429ZI/Libraries/ioLibrary_Driver/Internet/DHCP/dhcp.c:257:6:default_ip_assign	8	static
C:/Users/Grace/STM32CubeIDE/workspace_1.15.1/NUCLEO-F429ZI/Libraries/ioLibrary_Driver/Internet/DHCP/dhcp.c:265:6:default_ip_update	8	static
C:/Users/Grace/STM32CubeIDE/workspace_1.15.1/NUCLEO-F429ZI/Libraries/ioLibrary_Driver/Internet/DHCP/dhcp.c:275:6:default_ip_conflict	8	static
C:/Users/Grace/STM32CubeIDE/workspace_1.15.1/NUCLEO-F429ZI/Libraries/ioLibrary_Driver/Internet/DHCP/dhcp.c:284:6:reg_dhcp_cbfunc	24	static
C:/Users/Grace/STM32CubeIDE/workspace_1.15.1/NUCLEO-F429ZI/Libraries/ioLibrary_Driver/Internet/DHCP/dhcp.c:295:6:makeDHCPMSG	24	static
C:/Users/Grace/STM32CubeIDE/workspace_1.15.1/NUCLEO-F429ZI/Libraries/ioLibrary_Driver/Internet/DHCP/dhcp.c:354:6:send_DHCP_DISCOVER	32	static
C:/Users/Grace/STM32CubeIDE/workspace_1.15.1/NUCLEO-F429ZI/Libraries/ioLibrary_Driver/Internet/DHCP/dhcp.c:427:6:send_DHCP_REQUEST	40	static
C:/Users/Grace/STM32CubeIDE/workspace_1.15.1/NUCLEO-F429ZI/Libraries/ioLibrary_Driver/Internet/DHCP/dhcp.c:526:6:send_DHCP_DECLINE	32	static
C:/Users/Grace/STM32CubeIDE/workspace_1.15.1/NUCLEO-F429ZI/Libraries/ioLibrary_Driver/Internet/DHCP/dhcp.c:586:8:parseDHCPMSG	48	static
C:/Users/Grace/STM32CubeIDE/workspace_1.15.1/NUCLEO-F429ZI/Libraries/ioLibrary_Driver/Internet/DHCP/dhcp.c:706:9:DHCP_run	16	static
C:/Users/Grace/STM32CubeIDE/workspace_1.15.1/NUCLEO-F429ZI/Libraries/ioLibrary_Driver/Internet/DHCP/dhcp.c:834:9:DHCP_stop	8	static
C:/Users/Grace/STM32CubeIDE/workspace_1.15.1/NUCLEO-F429ZI/Libraries/ioLibrary_Driver/Internet/DHCP/dhcp.c:840:9:check_DHCP_timeout	16	static
C:/Users/Grace/STM32CubeIDE/workspace_1.15.1/NUCLEO-F429ZI/Libraries/ioLibrary_Driver/Internet/DHCP/dhcp.c:893:8:check_DHCP_leasedIP	24	static
C:/Users/Grace/STM32CubeIDE/workspace_1.15.1/NUCLEO-F429ZI/Libraries/ioLibrary_Driver/Internet/DHCP/dhcp.c:928:6:DHCP_init	24	static
C:/Users/Grace/STM32CubeIDE/workspace_1.15.1/NUCLEO-F429ZI/Libraries/ioLibrary_Driver/Internet/DHCP/dhcp.c:963:6:reset_DHCP_timeout	4	static
C:/Users/Grace/STM32CubeIDE/workspace_1.15.1/NUCLEO-F429ZI/Libraries/ioLibrary_Driver/Internet/DHCP/dhcp.c:970:6:DHCP_time_handler	4	static
C:/Users/Grace/STM32CubeIDE/workspace_1.15.1/NUCLEO-F429ZI/Libraries/ioLibrary_Driver/Internet/DHCP/dhcp.c:975:6:getIPfromDHCP	16	static
C:/Users/Grace/STM32CubeIDE/workspace_1.15.1/NUCLEO-F429ZI/Libraries/ioLibrary_Driver/Internet/DHCP/dhcp.c:983:6:getGWfromDHCP	16	static
C:/Users/Grace/STM32CubeIDE/workspace_1.15.1/NUCLEO-F429ZI/Libraries/ioLibrary_Driver/Internet/DHCP/dhcp.c:991:6:getSNfromDHCP	16	static
C:/Users/Grace/STM32CubeIDE/workspace_1.15.1/NUCLEO-F429ZI/Libraries/ioLibrary_Driver/Internet/DHCP/dhcp.c:999:6:getDNSfromDHCP	16	static
C:/Users/Grace/STM32CubeIDE/workspace_1.15.1/NUCLEO-F429ZI/Libraries/ioLibrary_Driver/Internet/DHCP/dhcp.c:1007:10:getDHCPLeasetime	4	static
C:/Users/Grace/STM32CubeIDE/workspace_1.15.1/NUCLEO-F429ZI/Libraries/ioLibrary_Driver/Internet/DHCP/dhcp.c:1012:6:NibbleToHex	16	static
