Archive member included to satisfy reference by file (symbol)

C:/ST/STM32CubeIDE_1.15.1/STM32CubeIDE/plugins/com.st.stm32cube.ide.mcu.externaltools.gnu-tools-for-stm32.12.3.rel1.win32_1.0.200.202406191623/tools/bin/../lib/gcc/arm-none-eabi/12.3.1/../../../../arm-none-eabi/lib/thumb/v7e-m+fp/hard\libc_nano.a(libc_a-exit.o)
                              C:/ST/STM32CubeIDE_1.15.1/STM32CubeIDE/plugins/com.st.stm32cube.ide.mcu.externaltools.gnu-tools-for-stm32.12.3.rel1.win32_1.0.200.202406191623/tools/bin/../lib/gcc/arm-none-eabi/12.3.1/../../../../arm-none-eabi/lib/thumb/v7e-m+fp/hard/crt0.o (exit)
C:/ST/STM32CubeIDE_1.15.1/STM32CubeIDE/plugins/com.st.stm32cube.ide.mcu.externaltools.gnu-tools-for-stm32.12.3.rel1.win32_1.0.200.202406191623/tools/bin/../lib/gcc/arm-none-eabi/12.3.1/../../../../arm-none-eabi/lib/thumb/v7e-m+fp/hard\libc_nano.a(libc_a-findfp.o)
                              C:/ST/STM32CubeIDE_1.15.1/STM32CubeIDE/plugins/com.st.stm32cube.ide.mcu.externaltools.gnu-tools-for-stm32.12.3.rel1.win32_1.0.200.202406191623/tools/bin/../lib/gcc/arm-none-eabi/12.3.1/../../../../arm-none-eabi/lib/thumb/v7e-m+fp/hard\libc_nano.a(libc_a-exit.o) (__stdio_exit_handler)
C:/ST/STM32CubeIDE_1.15.1/STM32CubeIDE/plugins/com.st.stm32cube.ide.mcu.externaltools.gnu-tools-for-stm32.12.3.rel1.win32_1.0.200.202406191623/tools/bin/../lib/gcc/arm-none-eabi/12.3.1/../../../../arm-none-eabi/lib/thumb/v7e-m+fp/hard\libc_nano.a(libc_a-fwalk.o)
                              C:/ST/STM32CubeIDE_1.15.1/STM32CubeIDE/plugins/com.st.stm32cube.ide.mcu.externaltools.gnu-tools-for-stm32.12.3.rel1.win32_1.0.200.202406191623/tools/bin/../lib/gcc/arm-none-eabi/12.3.1/../../../../arm-none-eabi/lib/thumb/v7e-m+fp/hard\libc_nano.a(libc_a-findfp.o) (_fwalk_sglue)
C:/ST/STM32CubeIDE_1.15.1/STM32CubeIDE/plugins/com.st.stm32cube.ide.mcu.externaltools.gnu-tools-for-stm32.12.3.rel1.win32_1.0.200.202406191623/tools/bin/../lib/gcc/arm-none-eabi/12.3.1/../../../../arm-none-eabi/lib/thumb/v7e-m+fp/hard\libc_nano.a(libc_a-printf.o)
                              ./Core/Src/main.o (printf)
C:/ST/STM32CubeIDE_1.15.1/STM32CubeIDE/plugins/com.st.stm32cube.ide.mcu.externaltools.gnu-tools-for-stm32.12.3.rel1.win32_1.0.200.202406191623/tools/bin/../lib/gcc/arm-none-eabi/12.3.1/../../../../arm-none-eabi/lib/thumb/v7e-m+fp/hard\libc_nano.a(libc_a-putchar.o)
                              ./Libraries/ioLibrary_Driver/Application/loopback/loopback.o (putchar)
C:/ST/STM32CubeIDE_1.15.1/STM32CubeIDE/plugins/com.st.stm32cube.ide.mcu.externaltools.gnu-tools-for-stm32.12.3.rel1.win32_1.0.200.202406191623/tools/bin/../lib/gcc/arm-none-eabi/12.3.1/../../../../arm-none-eabi/lib/thumb/v7e-m+fp/hard\libc_nano.a(libc_a-puts.o)
                              ./Core/Src/main.o (puts)
C:/ST/STM32CubeIDE_1.15.1/STM32CubeIDE/plugins/com.st.stm32cube.ide.mcu.externaltools.gnu-tools-for-stm32.12.3.rel1.win32_1.0.200.202406191623/tools/bin/../lib/gcc/arm-none-eabi/12.3.1/../../../../arm-none-eabi/lib/thumb/v7e-m+fp/hard\libc_nano.a(libc_a-stdio.o)
                              C:/ST/STM32CubeIDE_1.15.1/STM32CubeIDE/plugins/com.st.stm32cube.ide.mcu.externaltools.gnu-tools-for-stm32.12.3.rel1.win32_1.0.200.202406191623/tools/bin/../lib/gcc/arm-none-eabi/12.3.1/../../../../arm-none-eabi/lib/thumb/v7e-m+fp/hard\libc_nano.a(libc_a-findfp.o) (__sread)
C:/ST/STM32CubeIDE_1.15.1/STM32CubeIDE/plugins/com.st.stm32cube.ide.mcu.externaltools.gnu-tools-for-stm32.12.3.rel1.win32_1.0.200.202406191623/tools/bin/../lib/gcc/arm-none-eabi/12.3.1/../../../../arm-none-eabi/lib/thumb/v7e-m+fp/hard\libc_nano.a(libc_a-wbuf.o)
                              C:/ST/STM32CubeIDE_1.15.1/STM32CubeIDE/plugins/com.st.stm32cube.ide.mcu.externaltools.gnu-tools-for-stm32.12.3.rel1.win32_1.0.200.202406191623/tools/bin/../lib/gcc/arm-none-eabi/12.3.1/../../../../arm-none-eabi/lib/thumb/v7e-m+fp/hard\libc_nano.a(libc_a-puts.o) (__swbuf_r)
C:/ST/STM32CubeIDE_1.15.1/STM32CubeIDE/plugins/com.st.stm32cube.ide.mcu.externaltools.gnu-tools-for-stm32.12.3.rel1.win32_1.0.200.202406191623/tools/bin/../lib/gcc/arm-none-eabi/12.3.1/../../../../arm-none-eabi/lib/thumb/v7e-m+fp/hard\libc_nano.a(libc_a-wsetup.o)
                              C:/ST/STM32CubeIDE_1.15.1/STM32CubeIDE/plugins/com.st.stm32cube.ide.mcu.externaltools.gnu-tools-for-stm32.12.3.rel1.win32_1.0.200.202406191623/tools/bin/../lib/gcc/arm-none-eabi/12.3.1/../../../../arm-none-eabi/lib/thumb/v7e-m+fp/hard\libc_nano.a(libc_a-puts.o) (__swsetup_r)
C:/ST/STM32CubeIDE_1.15.1/STM32CubeIDE/plugins/com.st.stm32cube.ide.mcu.externaltools.gnu-tools-for-stm32.12.3.rel1.win32_1.0.200.202406191623/tools/bin/../lib/gcc/arm-none-eabi/12.3.1/../../../../arm-none-eabi/lib/thumb/v7e-m+fp/hard\libc_nano.a(libc_a-memset.o)
[...]
Memory Configuration

Name             Origin             Length             Attributes
CCMRAM           0x10000000         0x00010000         xrw
RAM              0x20000000         0x00030000         xrw
FLASH            0x08000000         0x00200000         xr
*default*        0x00000000         0xffffffff

Linker script and memory map

LOAD C:/ST/STM32CubeIDE_1.15.1/STM32CubeIDE/plugins/com.st.stm32cube.ide.mcu.externaltools.gnu-tools-for-stm32.12.3.rel1.win32_1.0.200.202406191623/tools/bin/../lib/gcc/arm-none-eabi/12.3.1/thumb/v7e-m+fp/hard/crti.o
LOAD C:/ST/STM32CubeIDE_1.15.1/STM32CubeIDE/plugins/com.st.stm32cube.ide.mcu.externaltools.gnu-tools-for-stm32.12.3.rel1.win32_1.0.200.202406191623/tools/bin/../lib/gcc/arm-none-eabi/12.3.1/thumb/v7e-m+fp/hard/crtbegin.o
LOAD C:/ST/STM32CubeIDE_1.15.1/STM32CubeIDE/plugins/com.st.stm32cube.ide.mcu.externaltools.gnu-tools-for-stm32.12.3.rel1.win32_1.0.200.202406191623/tools/bin/../lib/gcc/arm-none-eabi/12.3.1/../../../../arm-none-eabi/lib/thumb/v7e-m+fp/hard/crt0.o
LOAD ./Core/Src/main.o
LOAD ./Core/Src/stm32f4xx_hal_msp.o
LOAD ./Core/Src/stm32f4xx_it.o
LOAD ./Core/Src/syscalls.o
LOAD ./Core/Src/sysmem.o
LOAD ./Core/Src/system_stm32f4xx.o
LOAD ./Core/Startup/startup_stm32f429zitx.o
LOAD ./Drivers/STM32F4xx_HAL_Driver/Src/stm32f4xx_hal.o
LOAD ./Drivers/STM32F4xx_HAL_Driver/Src/stm32f4xx_hal_cortex.o
LOAD ./Drivers/STM32F4xx_HAL_Driver/Src/stm32f4xx_hal_dma.o
LOAD ./Drivers/STM32F4xx_HAL_Driver/Src/stm32f4xx_hal_dma_ex.o
LOAD ./Drivers/STM32F4xx_HAL_Driver/Src/stm32f4xx_hal_exti.o
LOAD ./Drivers/STM32F4xx_HAL_Driver/Src/stm32f4xx_hal_flash.o
LOAD ./Drivers/STM32F4xx_HAL_Driver/Src/stm32f4xx_hal_flash_ex.o
LOAD ./Drivers/STM32F4xx_HAL_Driver/Src/stm32f4xx_hal_flash_ramfunc.o
LOAD ./Drivers/STM32F4xx_HAL_Driver/Src/stm32f4xx_hal_gpio.o
LOAD ./Drivers/STM32F4xx_HAL_Driver/Src/stm32f4xx_hal_pwr.o
LOAD ./Drivers/STM32F4xx_HAL_Driver/Src/stm32f4xx_hal_pwr_ex.o
LOAD ./Drivers/STM32F4xx_HAL_Driver/Src/stm32f4xx_hal_rcc.o
LOAD ./Drivers/STM32F4xx_HAL_Driver/Src/stm32f4xx_hal_rcc_ex.o
LOAD ./Drivers/STM32F4xx_HAL_Driver/Src/stm32f4xx_hal_sram.o
LOAD ./Drivers/STM32F4xx_HAL_Driver/Src/stm32f4xx_hal_tim.o
LOAD ./Drivers/STM32F4xx_HAL_Driver/Src/stm32f4xx_hal_tim_ex.o
LOAD ./Drivers/STM32F4xx_HAL_Driver/Src/stm32f4xx_hal_uart.o
LOAD ./Drivers/STM32F4xx_HAL_Driver/Src/stm32f4xx_ll_fmc.o
LOAD ./Libraries/ioLibrary_Driver/Application/loopback/loopback.o
LOAD ./Libraries/ioLibrary_Driver/Application/multicast/multicast.o
LOAD ./Libraries/ioLibrary_Driver/Ethernet/W5100/w5100.o
LOAD ./Libraries/ioLibrary_Driver/Ethernet/W5100S/w5100s.o
LOAD ./Libraries/ioLibrary_Driver/Ethernet/W5200/w5200.o
LOAD ./Libraries/ioLibrary_Driver/Ethernet/W5300/w5300.o
LOAD ./Libraries/ioLibrary_Driver/Ethernet/W5500/w5500.o
LOAD ./Libraries/ioLibrary_Driver/Ethernet/socket.o
LOAD ./Libraries/ioLibrary_Driver/Ethernet/wizchip_conf.o
LOAD ./Libraries/ioLibrary_Driver/Internet/DHCP/dhcp.o
LOAD ./Libraries/ioLibrary_Driver/Internet/DNS/dns.o
LOAD ./Port/ioLibrary_Driver/src/w5x00_bus.o
LOAD ./Port/ioLibrary_Driver/src/w5x00_network.o
START GROUP
LOAD C:/ST/STM32CubeIDE_1.15.1/STM32CubeIDE/plugins/com.st.stm32cube.ide.mcu.externaltools.gnu-tools-for-stm32.12.3.rel1.win32_1.0.200.202406191623/tools/bin/../lib/gcc/arm-none-eabi/12.3.1/../../../../arm-none-eabi/lib/thumb/v7e-m+fp/hard\libc_nano.a
LOAD C:/ST/STM32CubeIDE_1.15.1/STM32CubeIDE/plugins/com.st.stm32cube.ide.mcu.externaltools.gnu-tools-for-stm32.12.3.rel1.win32_1.0.200.202406191623/tools/bin/../lib/gcc/arm-none-eabi/12.3.1/../../../../arm-none-eabi/lib/thumb/v7e-m+fp/hard\libm.a
END GROUP
START GROUP
LOAD C:/ST/STM32CubeIDE_1.15.1/STM32CubeIDE/plugins/com.st.stm32cube.ide.mcu.externaltools.gnu-tools-for-stm32.12.3.rel1.win32_1.0.200.202406191623/tools/bin/../lib/gcc/arm-none-eabi/12.3.1/thumb/v7e-m+fp/hard\libgcc.a
LOAD C:/ST/STM32CubeIDE_1.15.1/STM32CubeIDE/plugins/com.st.stm32cube.ide.mcu.externaltools.gnu-tools-for-stm32.12.3.rel1.win32_1.0.200.202406191623/tools/bin/../lib/gcc/arm-none-eabi/12.3.1/../../../../arm-none-eabi/lib/thumb/v7e-m+fp/hard\libc_nano.a
END GROUP
START GROUP
LOAD C:/ST/STM32CubeIDE_1.15.1/STM32CubeIDE/plugins/com.st.stm32cube.ide.mcu.externaltools.gnu-tools-for-stm32.12.3.rel1.win32_1.0.200.202406191623/tools/bin/../lib/gcc/arm-none-eabi/12.3.1/thumb/v7e-m+fp/hard\libgcc.a
LOAD C:/ST/STM32CubeIDE_1.15.1/STM32CubeIDE/plugins/com.st.stm32cube.ide.mcu.externaltools.gnu-tools-for-stm32.12.3.rel1.win32_1.0.200.202406191623/tools/bin/../lib/gcc/arm-none-eabi/12.3.1/../../../../arm-none-eabi/lib/thumb/v7e-m+fp/hard\libc_nano.a
LOAD C:/ST/STM32CubeIDE_1.15.1/STM32CubeIDE/plugins/com.st.stm32cube.ide.mcu.externaltools.gnu-tools-for-stm32.12.3.rel1.win32_1.0.200.202406191623/tools/bin/../lib/gcc/arm-none-eabi/12.3.1/../../../../arm-none-eabi/lib/thumb/v7e-m+fp/hard\libnosys.a
END GROUP
START GROUP
LOAD C:/ST/STM32CubeIDE_1.15.1/STM32CubeIDE/plugins/com.st.stm32cube.ide.mcu.externaltools.gnu-tools-for-stm32.12.3.rel1.win32_1.0.200.202406191623/tools/bin/../lib/gcc/arm-none-eabi/12.3.1/thumb/v7e-m+fp/hard\libgcc.a
LOAD C:/ST/STM32CubeIDE_1.15.1/STM32CubeIDE/plugins/com.st.stm32cube.ide.mcu.externaltools.gnu-tools-for-stm32.12.3.rel1.win32_1.0.200.202406191623/tools/bin/../lib/gcc/arm-none-eabi/12.3.1/../../../../arm-none-eabi/lib/thumb/v7e-m+fp/hard\libc_nano.a
LOAD C:/ST/STM32CubeIDE_1.15.1/STM32CubeIDE/plugins/com.st.stm32cube.ide.mcu.externaltools.gnu-tools-for-stm32.12.3.rel1.win32_1.0.200.202406191623/tools/bin/../lib/gcc/arm-none-eabi/12.3.1/../../../../arm-none-eabi/lib/thumb/v7e-m+fp/hard\libnosys.a
END GROUP
LOAD C:/ST/STM32CubeIDE_1.15.1/STM32CubeIDE/plugins/com.st.stm32cube.ide.mcu.externaltools.gnu-tools-for-stm32.12.3.rel1.win32_1.0.200.202406191623/tools/bin/../lib/gcc/arm-none-eabi/12.3.1/thumb/v7e-m+fp/hard/crtend.o
LOAD C:/ST/STM32CubeIDE_1.15.1/STM32CubeIDE/plugins/com.st.stm32cube.ide.mcu.externaltools.gnu-tools-for-stm32.12.3.rel1.win32_1.0.200.202406191623/tools/bin/../lib/gcc/arm-none-eabi/12.3.1/thumb/v7e-m+fp/hard/crtn.o
                0x20030000                        _estack = (ORIGIN (RAM) + LENGTH (RAM))
                0x00010000                        _Min_Heap_Size = 0x10000
                0x00008000                        _Min_Stack_Size = 0x8000

.isr_vector     0x08000000      0x1ac
                0x08000000                        . = ALIGN (0x4)
 *(.isr_vector)
 .isr_vector    0x08000000      0x1ac ./Core/Startup/startup_stm32f429zitx.o
                0x08000000                g_pfnVectors
                0x080001ac                        . = ALIGN (0x4)

.text           0x080001b0     0x77ec
                0x080001b0                        . = ALIGN (0x4)
 *(.text)
 .text          0x080001b0       0x40 C:/ST/STM32CubeIDE_1.15.1/STM32CubeIDE/plugins/com.st.stm32cube.ide.mcu.externaltools.gnu-tools-for-stm32.12.3.rel1.win32_1.0.200.202406191623/tools/bin/../lib/gcc/arm-none-eabi/12.3.1/thumb/v7e-m+fp/hard/crtbegin.o
 .text          0x080001f0       0xa0 C:/ST/STM32CubeIDE_1.15.1/STM32CubeIDE/plugins/com.st.stm32cube.ide.mcu.externaltools.gnu-tools-for-stm32.12.3.rel1.win32_1.0.200.202406191623/tools/bin/../lib/gcc/arm-none-eabi/12.3.1/../../../../arm-none-eabi/lib/thumb/v7e-m+fp/hard\libc_nano.a(libc_a-memchr.o)
                0x080001f0                memchr
 .text          0x08000290       0x30 C:/ST/STM32CubeIDE_1.15.1/STM32CubeIDE/plugins/com.st.stm32cube.ide.mcu.externaltools.gnu-tools-for-stm32.12.3.rel1.win32_1.0.200.202406191623/tools/bin/../lib/gcc/arm-none-eabi/12.3.1/thumb/v7e-m+fp/hard\libgcc.a(_aeabi_uldivmod.o)
                0x08000290                __aeabi_uldivmod
 .text          0x080002c0      0x2bc C:/ST/STM32CubeIDE_1.15.1/STM32CubeIDE/plugins/com.st.stm32cube.ide.mcu.externaltools.gnu-tools-for-stm32.12.3.rel1.win32_1.0.200.202406191623/tools/bin/../lib/gcc/arm-none-eabi/12.3.1/thumb/v7e-m+fp/hard\libgcc.a(_udivmoddi4.o)
                0x080002c0                __udivmoddi4
 .text          0x0800057c        0x4 C:/ST/STM32CubeIDE_1.15.1/STM32CubeIDE/plugins/com.st.stm32cube.ide.mcu.externaltools.gnu-tools-for-stm32.12.3.rel1.win32_1.0.200.202406191623/tools/bin/../lib/gcc/arm-none-eabi/12.3.1/thumb/v7e-m+fp/hard\libgcc.a(_dvmd_tls.o)
                0x0800057c                __aeabi_idiv0
                0x0800057c                __aeabi_ldiv0
 *(.text*)
 .text.__io_putchar
                0x08000580       0x24 ./Core/Src/main.o
                0x08000580                __io_putchar
 .text.HAL_TIM_PeriodElapsedCallback
                0x080005a4       0x24 ./Core/Src/main.o
                0x080005a4                HAL_TIM_PeriodElapsedCallback
 .text.main     0x080005c8       0xd4 ./Core/Src/main.o
                0x080005c8                main
 .text.SystemClock_Config
                0x0800069c       0xe0 ./Core/Src/main.o
                0x0800069c                SystemClock_Config
 .text.MX_TIM1_Init
                0x0800077c       0xa0 ./Core/Src/main.o
 .text.MX_USART3_UART_Init
                0x0800081c       0x54 ./Core/Src/main.o
 .text.MX_FMC_Init
                0x08000870       0xc4 ./Core/Src/main.o
 .text.MX_GPIO_Init
                0x08000934      0x130 ./Core/Src/main.o
 .text.wizchip_dhcp_init
                0x08000a64       0x30 ./Core/Src/main.o
 .text.wizchip_dhcp_assign
                0x08000a94       0x58 ./Core/Src/main.o
 .text.wizchip_dhcp_conflict
                0x08000aec       0x14 ./Core/Src/main.o
 .text.Error_Handler
                0x08000b00        0xc ./Core/Src/main.o
                0x08000b00                Error_Handler
 .text.HAL_MspInit
                0x08000b0c       0x50 ./Core/Src/stm32f4xx_hal_msp.o
                0x08000b0c                HAL_MspInit
 .text.HAL_TIM_Base_MspInit
                0x08000b5c       0x50 ./Core/Src/stm32f4xx_hal_msp.o
                0x08000b5c                HAL_TIM_Base_MspInit
 .text.HAL_UART_MspInit
                0x08000bac       0x90 ./Core/Src/stm32f4xx_hal_msp.o
                0x08000bac                HAL_UART_MspInit
 .text.HAL_FMC_MspInit
                0x08000c3c       0xbc ./Core/Src/stm32f4xx_hal_msp.o
 .text.HAL_SRAM_MspInit
                0x08000cf8       0x14 ./Core/Src/stm32f4xx_hal_msp.o
                0x08000cf8                HAL_SRAM_MspInit
 .text.NMI_Handler
                0x08000d0c        0x8 ./Core/Src/stm32f4xx_it.o
                0x08000d0c                NMI_Handler
 .text.HardFault_Handler
                0x08000d14        0x8 ./Core/Src/stm32f4xx_it.o
                0x08000d14                HardFault_Handler
 .text.MemManage_Handler
                0x08000d1c        0x8 ./Core/Src/stm32f4xx_it.o
                0x08000d1c                MemManage_Handler
 .text.BusFault_Handler
                0x08000d24        0x8 ./Core/Src/stm32f4xx_it.o
                0x08000d24                BusFault_Handler
 .text.UsageFault_Handler
                0x08000d2c        0x8 ./Core/Src/stm32f4xx_it.o
                0x08000d2c                UsageFault_Handler
 .text.SVC_Handler
                0x08000d34        0xe ./Core/Src/stm32f4xx_it.o
                0x08000d34                SVC_Handler
 .text.DebugMon_Handler
                0x08000d42        0xe ./Core/Src/stm32f4xx_it.o
                0x08000d42                DebugMon_Handler
 .text.PendSV_Handler
                0x08000d50        0xe ./Core/Src/stm32f4xx_it.o
                0x08000d50                PendSV_Handler
 .text.SysTick_Handler
                0x08000d5e        0xc ./Core/Src/stm32f4xx_it.o
                0x08000d5e                SysTick_Handler
 *fill*         0x08000d6a        0x2 
 .text.TIM1_UP_TIM10_IRQHandler
                0x08000d6c       0x14 ./Core/Src/stm32f4xx_it.o
                0x08000d6c                TIM1_UP_TIM10_IRQHandler
 .text._read    0x08000d80       0x3a ./Core/Src/syscalls.o
                0x08000d80                _read
 .text._write   0x08000dba       0x38 ./Core/Src/syscalls.o
                0x08000dba                _write
 .text._close   0x08000df2       0x18 ./Core/Src/syscalls.o
                0x08000df2                _close
 .text._fstat   0x08000e0a       0x20 ./Core/Src/syscalls.o
                0x08000e0a                _fstat
 .text._isatty  0x08000e2a       0x16 ./Core/Src/syscalls.o
                0x08000e2a                _isatty
 .text._lseek   0x08000e40       0x1a ./Core/Src/syscalls.o
                0x08000e40                _lseek
 *fill*         0x08000e5a        0x2 
 .text._sbrk    0x08000e5c       0x6c ./Core/Src/sysmem.o
                0x08000e5c                _sbrk
 .text.SystemInit
                0x08000ec8       0x24 ./Core/Src/system_stm32f4xx.o
                0x08000ec8                SystemInit
 .text.Reset_Handler
                0x08000eec       0x50 ./Core/Startup/startup_stm32f429zitx.o
                0x08000eec                Reset_Handler
 .text.Default_Handler
                0x08000f3c        0x2 ./Core/Startup/startup_stm32f429zitx.o
                0x08000f3c                RTC_Alarm_IRQHandler
                0x08000f3c                HASH_RNG_IRQHandler
                0x08000f3c                EXTI2_IRQHandler
                0x08000f3c                TIM8_CC_IRQHandler
                0x08000f3c                UART8_IRQHandler
                0x08000f3c                SPI4_IRQHandler
                0x08000f3c                TIM1_CC_IRQHandler
                0x08000f3c                DMA2_Stream5_IRQHandler
                0x08000f3c                DMA1_Stream5_IRQHandler
                0x08000f3c                PVD_IRQHandler
                0x08000f3c                SDIO_IRQHandler
                0x08000f3c                TAMP_STAMP_IRQHandler
                0x08000f3c                CAN2_RX1_IRQHandler
                0x08000f3c                EXTI3_IRQHandler
                0x08000f3c                TIM8_TRG_COM_TIM14_IRQHandler
                0x08000f3c                TIM8_UP_TIM13_IRQHandler
                0x08000f3c                I2C3_ER_IRQHandler
                0x08000f3c                EXTI0_IRQHandler
                0x08000f3c                I2C2_EV_IRQHandler
                0x08000f3c                DMA1_Stream2_IRQHandler
                0x08000f3c                CAN1_RX0_IRQHandler
                0x08000f3c                FPU_IRQHandler
                0x08000f3c                OTG_HS_WKUP_IRQHandler
                0x08000f3c                LTDC_ER_IRQHandler
                0x08000f3c                CAN2_SCE_IRQHandler
                0x08000f3c                DMA2_Stream2_IRQHandler
                0x08000f3c                SPI1_IRQHandler
                0x08000f3c                TIM6_DAC_IRQHandler
                0x08000f3c                TIM1_BRK_TIM9_IRQHandler
                0x08000f3c                DCMI_IRQHandler
                0x08000f3c                CAN2_RX0_IRQHandler
                0x08000f3c                DMA2_Stream3_IRQHandler
                0x08000f3c                USART6_IRQHandler
                0x08000f3c                USART3_IRQHandler
                0x08000f3c                CAN1_RX1_IRQHandler
                0x08000f3c                UART5_IRQHandler
                0x08000f3c                DMA2_Stream0_IRQHandler
                0x08000f3c                TIM4_IRQHandler
                0x08000f3c                I2C1_EV_IRQHandler
                0x08000f3c                DMA1_Stream6_IRQHandler
                0x08000f3c                DMA1_Stream1_IRQHandler
                0x08000f3c                UART4_IRQHandler
                0x08000f3c                TIM3_IRQHandler
                0x08000f3c                RCC_IRQHandler
                0x08000f3c                TIM8_BRK_TIM12_IRQHandler
                0x08000f3c                Default_Handler
                0x08000f3c                EXTI15_10_IRQHandler
                0x08000f3c                ADC_IRQHandler
                0x08000f3c                DMA1_Stream7_IRQHandler
                0x08000f3c                SPI5_IRQHandler
                0x08000f3c                TIM7_IRQHandler
                0x08000f3c                CAN2_TX_IRQHandler
                0x08000f3c                TIM5_IRQHandler
                0x08000f3c                DMA2_Stream7_IRQHandler
                0x08000f3c                I2C3_EV_IRQHandler
                0x08000f3c                EXTI9_5_IRQHandler
                0x08000f3c                RTC_WKUP_IRQHandler
                0x08000f3c                LTDC_IRQHandler
                0x08000f3c                ETH_WKUP_IRQHandler
                0x08000f3c                SPI2_IRQHandler
                0x08000f3c                OTG_HS_EP1_IN_IRQHandler
                0x08000f3c                DMA1_Stream0_IRQHandler
                0x08000f3c                CAN1_TX_IRQHandler
                0x08000f3c                EXTI4_IRQHandler
                0x08000f3c                ETH_IRQHandler
                0x08000f3c                OTG_HS_EP1_OUT_IRQHandler
                0x08000f3c                WWDG_IRQHandler
                0x08000f3c                SPI6_IRQHandler
                0x08000f3c                TIM2_IRQHandler
                0x08000f3c                OTG_FS_WKUP_IRQHandler
                0x08000f3c                TIM1_TRG_COM_TIM11_IRQHandler
                0x08000f3c                OTG_HS_IRQHandler
                0x08000f3c                DMA2D_IRQHandler
                0x08000f3c                EXTI1_IRQHandler
                0x08000f3c                UART7_IRQHandler
                0x08000f3c                USART2_IRQHandler
                0x08000f3c                I2C2_ER_IRQHandler
                0x08000f3c                DMA2_Stream1_IRQHandler
                0x08000f3c                CAN1_SCE_IRQHandler
                0x08000f3c                FLASH_IRQHandler
                0x08000f3c                DMA2_Stream4_IRQHandler
                0x08000f3c                USART1_IRQHandler
                0x08000f3c                OTG_FS_IRQHandler
                0x08000f3c                SPI3_IRQHandler
                0x08000f3c                DMA1_Stream4_IRQHandler
                0x08000f3c                I2C1_ER_IRQHandler
                0x08000f3c                FMC_IRQHandler
                0x08000f3c                DMA2_Stream6_IRQHandler
                0x08000f3c                SAI1_IRQHandler
                0x08000f3c                DMA1_Stream3_IRQHandler
 *fill*         0x08000f3e        0x2 
 .text.HAL_Init
                0x08000f40       0x44 ./Drivers/STM32F4xx_HAL_Driver/Src/stm32f4xx_hal.o
                0x08000f40                HAL_Init
 .text.HAL_InitTick
                0x08000f84       0x60 ./Drivers/STM32F4xx_HAL_Driver/Src/stm32f4xx_hal.o
                0x08000f84                HAL_InitTick
 .text.HAL_IncTick
                0x08000fe4       0x28 ./Drivers/STM32F4xx_HAL_Driver/Src/stm32f4xx_hal.o
                0x08000fe4                HAL_IncTick
 .text.HAL_GetTick
                0x0800100c       0x18 ./Drivers/STM32F4xx_HAL_Driver/Src/stm32f4xx_hal.o
                0x0800100c                HAL_GetTick
 .text.HAL_Delay
                0x08001024       0x48 ./Drivers/STM32F4xx_HAL_Driver/Src/stm32f4xx_hal.o
                0x08001024                HAL_Delay
 .text.__NVIC_SetPriorityGrouping
                0x0800106c       0x48 ./Drivers/STM32F4xx_HAL_Driver/Src/stm32f4xx_hal_cortex.o
 .text.__NVIC_GetPriorityGrouping
                0x080010b4       0x1c ./Drivers/STM32F4xx_HAL_Driver/Src/stm32f4xx_hal_cortex.o
 .text.__NVIC_EnableIRQ
                0x080010d0       0x3c ./Drivers/STM32F4xx_HAL_Driver/Src/stm32f4xx_hal_cortex.o
 .text.__NVIC_SetPriority
                0x0800110c       0x54 ./Drivers/STM32F4xx_HAL_Driver/Src/stm32f4xx_hal_cortex.o
 .text.NVIC_EncodePriority
                0x08001160       0x66 ./Drivers/STM32F4xx_HAL_Driver/Src/stm32f4xx_hal_cortex.o
 *fill*         0x080011c6        0x2 
 .text.SysTick_Config
                0x080011c8       0x44 ./Drivers/STM32F4xx_HAL_Driver/Src/stm32f4xx_hal_cortex.o
 .text.HAL_NVIC_SetPriorityGrouping
                0x0800120c       0x16 ./Drivers/STM32F4xx_HAL_Driver/Src/stm32f4xx_hal_cortex.o
                0x0800120c                HAL_NVIC_SetPriorityGrouping
 .text.HAL_NVIC_SetPriority
                0x08001222       0x38 ./Drivers/STM32F4xx_HAL_Driver/Src/stm32f4xx_hal_cortex.o
                0x08001222                HAL_NVIC_SetPriority
 .text.HAL_NVIC_EnableIRQ
                0x0800125a       0x1c ./Drivers/STM32F4xx_HAL_Driver/Src/stm32f4xx_hal_cortex.o
                0x0800125a                HAL_NVIC_EnableIRQ
 .text.HAL_SYSTICK_Config
                0x08001276       0x18 ./Drivers/STM32F4xx_HAL_Driver/Src/stm32f4xx_hal_cortex.o
                0x08001276                HAL_SYSTICK_Config
 *fill*         0x0800128e        0x2 
 .text.HAL_GPIO_Init
                0x08001290      0x358 ./Drivers/STM32F4xx_HAL_Driver/Src/stm32f4xx_hal_gpio.o
                0x08001290                HAL_GPIO_Init
 .text.HAL_GPIO_WritePin
                0x080015e8       0x32 ./Drivers/STM32F4xx_HAL_Driver/Src/stm32f4xx_hal_gpio.o
                0x080015e8                HAL_GPIO_WritePin
 *fill*         0x0800161a        0x2 
 .text.HAL_PWREx_EnableOverDrive
                0x0800161c       0xa0 ./Drivers/STM32F4xx_HAL_Driver/Src/stm32f4xx_hal_pwr_ex.o
                0x0800161c                HAL_PWREx_EnableOverDrive
 .text.HAL_RCC_OscConfig
                0x080016bc      0x4f0 ./Drivers/STM32F4xx_HAL_Driver/Src/stm32f4xx_hal_rcc.o
                0x080016bc                HAL_RCC_OscConfig
 .text.HAL_RCC_ClockConfig
                0x08001bac      0x1cc ./Drivers/STM32F4xx_HAL_Driver/Src/stm32f4xx_hal_rcc.o
                0x08001bac                HAL_RCC_ClockConfig
 .text.HAL_RCC_GetSysClockFreq
                0x08001d78      0x20c ./Drivers/STM32F4xx_HAL_Driver/Src/stm32f4xx_hal_rcc.o
                0x08001d78                HAL_RCC_GetSysClockFreq
 .text.HAL_RCC_GetHCLKFreq
                0x08001f84       0x18 ./Drivers/STM32F4xx_HAL_Driver/Src/stm32f4xx_hal_rcc.o
                0x08001f84                HAL_RCC_GetHCLKFreq
 .text.HAL_RCC_GetPCLK1Freq
                0x08001f9c       0x28 ./Drivers/STM32F4xx_HAL_Driver/Src/stm32f4xx_hal_rcc.o
                0x08001f9c                HAL_RCC_GetPCLK1Freq
 .text.HAL_RCC_GetPCLK2Freq
                0x08001fc4       0x28 ./Drivers/STM32F4xx_HAL_Driver/Src/stm32f4xx_hal_rcc.o
                0x08001fc4                HAL_RCC_GetPCLK2Freq
 .text.HAL_SRAM_Init
                0x08001fec       0x90 ./Drivers/STM32F4xx_HAL_Driver/Src/stm32f4xx_hal_sram.o
                0x08001fec                HAL_SRAM_Init
 .text.HAL_TIM_Base_Init
                0x0800207c       0x9e ./Drivers/STM32F4xx_HAL_Driver/Src/stm32f4xx_hal_tim.o
                0x0800207c                HAL_TIM_Base_Init
 *fill*         0x0800211a        0x2 
 .text.HAL_TIM_Base_Start_IT
                0x0800211c       0xe0 ./Drivers/STM32F4xx_HAL_Driver/Src/stm32f4xx_hal_tim.o
                0x0800211c                HAL_TIM_Base_Start_IT
 .text.HAL_TIM_IRQHandler
                0x080021fc      0x1e0 ./Drivers/STM32F4xx_HAL_Driver/Src/stm32f4xx_hal_tim.o
                0x080021fc                HAL_TIM_IRQHandler
 .text.HAL_TIM_ConfigClockSource
                0x080023dc      0x18e ./Drivers/STM32F4xx_HAL_Driver/Src/stm32f4xx_hal_tim.o
                0x080023dc                HAL_TIM_ConfigClockSource
 .text.HAL_TIM_OC_DelayElapsedCallback
                0x0800256a       0x14 ./Drivers/STM32F4xx_HAL_Driver/Src/stm32f4xx_hal_tim.o
                0x0800256a                HAL_TIM_OC_DelayElapsedCallback
 .text.HAL_TIM_IC_CaptureCallback
                0x0800257e       0x14 ./Drivers/STM32F4xx_HAL_Driver/Src/stm32f4xx_hal_tim.o
                0x0800257e                HAL_TIM_IC_CaptureCallback
 .text.HAL_TIM_PWM_PulseFinishedCallback
                0x08002592       0x14 ./Drivers/STM32F4xx_HAL_Driver/Src/stm32f4xx_hal_tim.o
                0x08002592                HAL_TIM_PWM_PulseFinishedCallback
 .text.HAL_TIM_TriggerCallback
                0x080025a6       0x14 ./Drivers/STM32F4xx_HAL_Driver/Src/stm32f4xx_hal_tim.o
                0x080025a6                HAL_TIM_TriggerCallback
 *fill*         0x080025ba        0x2 
 .text.TIM_Base_SetConfig
                0x080025bc      0x158 ./Drivers/STM32F4xx_HAL_Driver/Src/stm32f4xx_hal_tim.o
                0x080025bc                TIM_Base_SetConfig
 .text.TIM_TI1_ConfigInputStage
                0x08002714       0x5e ./Drivers/STM32F4xx_HAL_Driver/Src/stm32f4xx_hal_tim.o
 .text.TIM_TI2_ConfigInputStage
                0x08002772       0x60 ./Drivers/STM32F4xx_HAL_Driver/Src/stm32f4xx_hal_tim.o
 .text.TIM_ITRx_SetConfig
                0x080027d2       0x36 ./Drivers/STM32F4xx_HAL_Driver/Src/stm32f4xx_hal_tim.o
 .text.TIM_ETR_SetConfig
                0x08002808       0x40 ./Drivers/STM32F4xx_HAL_Driver/Src/stm32f4xx_hal_tim.o
                0x08002808                TIM_ETR_SetConfig
 .text.HAL_TIMEx_MasterConfigSynchronization
                0x08002848       0xf8 ./Drivers/STM32F4xx_HAL_Driver/Src/stm32f4xx_hal_tim_ex.o
                0x08002848                HAL_TIMEx_MasterConfigSynchronization
 .text.HAL_TIMEx_CommutCallback
                0x08002940       0x14 ./Drivers/STM32F4xx_HAL_Driver/Src/stm32f4xx_hal_tim_ex.o
                0x08002940                HAL_TIMEx_CommutCallback
 .text.HAL_TIMEx_BreakCallback
                0x08002954       0x14 ./Drivers/STM32F4xx_HAL_Driver/Src/stm32f4xx_hal_tim_ex.o
                0x08002954                HAL_TIMEx_BreakCallback
 .text.HAL_UART_Init
                0x08002968       0xa0 ./Drivers/STM32F4xx_HAL_Driver/Src/stm32f4xx_hal_uart.o
                0x08002968                HAL_UART_Init
 .text.HAL_UART_Transmit
                0x08002a08      0x116 ./Drivers/STM32F4xx_HAL_Driver/Src/stm32f4xx_hal_uart.o
                0x08002a08                HAL_UART_Transmit
 .text.UART_WaitOnFlagUntilTimeout
                0x08002b1e       0xb2 ./Drivers/STM32F4xx_HAL_Driver/Src/stm32f4xx_hal_uart.o
 .text.UART_EndRxTransfer
                0x08002bd0       0xc6 ./Drivers/STM32F4xx_HAL_Driver/Src/stm32f4xx_hal_uart.o
 *fill*         0x08002c96        0x2 
 .text.UART_SetConfig
                0x08002c98      0x4e8 ./Drivers/STM32F4xx_HAL_Driver/Src/stm32f4xx_hal_uart.o
 .text.FMC_NORSRAM_Init
                0x08003180      0x10c ./Drivers/STM32F4xx_HAL_Driver/Src/stm32f4xx_ll_fmc.o
                0x08003180                FMC_NORSRAM_Init
 .text.FMC_NORSRAM_Timing_Init
                0x0800328c       0xa0 ./Drivers/STM32F4xx_HAL_Driver/Src/stm32f4xx_ll_fmc.o
                0x0800328c                FMC_NORSRAM_Timing_Init
 .text.FMC_NORSRAM_Extended_Timing_Init
                0x0800332c       0x70 ./Drivers/STM32F4xx_HAL_Driver/Src/stm32f4xx_ll_fmc.o
                0x0800332c                FMC_NORSRAM_Extended_Timing_Init
 .text.WIZCHIP_WRITE
                0x0800339c       0x54 ./Libraries/ioLibrary_Driver/Ethernet/W5300/w5300.o
                0x0800339c                WIZCHIP_WRITE
 .text.WIZCHIP_READ
                0x080033f0       0x54 ./Libraries/ioLibrary_Driver/Ethernet/W5300/w5300.o
                0x080033f0                WIZCHIP_READ
 .text.setTMSR  0x08003444       0x72 ./Libraries/ioLibrary_Driver/Ethernet/W5300/w5300.o
                0x08003444                setTMSR
 .text.getTMSR  0x080034b6       0x46 ./Libraries/ioLibrary_Driver/Ethernet/W5300/w5300.o
                0x080034b6                getTMSR
 .text.setRMSR  0x080034fc       0x72 ./Libraries/ioLibrary_Driver/Ethernet/W5300/w5300.o
                0x080034fc                setRMSR
 .text.getSn_TX_FSR
                0x0800356e       0x52 ./Libraries/ioLibrary_Driver/Ethernet/W5300/w5300.o
                0x0800356e                getSn_TX_FSR
 .text.getSn_RX_RSR
                0x080035c0       0x64 ./Libraries/ioLibrary_Driver/Ethernet/W5300/w5300.o
                0x080035c0                getSn_RX_RSR
 .text.wiz_send_data
                0x08003624       0x64 ./Libraries/ioLibrary_Driver/Ethernet/W5300/w5300.o
                0x08003624                wiz_send_data
 .text.wiz_recv_data
                0x08003688       0x84 ./Libraries/ioLibrary_Driver/Ethernet/W5300/w5300.o
                0x08003688                wiz_recv_data
 .text.wiz_recv_ignore
                0x0800370c       0x3c ./Libraries/ioLibrary_Driver/Ethernet/W5300/w5300.o
                0x0800370c                wiz_recv_ignore
 .text.socket   0x08003748      0x234 ./Libraries/ioLibrary_Driver/Ethernet/socket.o
                0x08003748                socket
 .text.close    0x0800397c      0x17c ./Libraries/ioLibrary_Driver/Ethernet/socket.o
                0x0800397c                close
 .text.sendto   0x08003af8      0x3f0 ./Libraries/ioLibrary_Driver/Ethernet/socket.o
                0x08003af8                sendto
 .text.recvfrom
                0x08003ee8      0x4e4 ./Libraries/ioLibrary_Driver/Ethernet/socket.o
                0x08003ee8                recvfrom
 .text.wizchip_cris_enter
                0x080043cc        0xe ./Libraries/ioLibrary_Driver/Ethernet/wizchip_conf.o
                0x080043cc                wizchip_cris_enter
 .text.wizchip_cris_exit
                0x080043da        0xe ./Libraries/ioLibrary_Driver/Ethernet/wizchip_conf.o
                0x080043da                wizchip_cris_exit
 .text.wizchip_cs_select
                0x080043e8        0xe ./Libraries/ioLibrary_Driver/Ethernet/wizchip_conf.o
                0x080043e8                wizchip_cs_select
 .text.wizchip_cs_deselect
                0x080043f6        0xe ./Libraries/ioLibrary_Driver/Ethernet/wizchip_conf.o
                0x080043f6                wizchip_cs_deselect
 .text.wizchip_bus_readdata
                0x08004404       0x1a ./Libraries/ioLibrary_Driver/Ethernet/wizchip_conf.o
                0x08004404                wizchip_bus_readdata
 .text.wizchip_bus_writedata
                0x0800441e       0x1e ./Libraries/ioLibrary_Driver/Ethernet/wizchip_conf.o
                0x0800441e                wizchip_bus_writedata
 .text.reg_wizchip_cs_cbfunc
                0x0800443c       0x4c ./Libraries/ioLibrary_Driver/Ethernet/wizchip_conf.o
                0x0800443c                reg_wizchip_cs_cbfunc
 .text.reg_wizchip_bus_cbfunc
                0x08004488       0x58 ./Libraries/ioLibrary_Driver/Ethernet/wizchip_conf.o
                0x08004488                reg_wizchip_bus_cbfunc
 .text.ctlwizchip
                0x080044e0       0xf8 ./Libraries/ioLibrary_Driver/Ethernet/wizchip_conf.o
                0x080044e0                ctlwizchip
 .text.ctlnetwork
                0x080045d8       0x7c ./Libraries/ioLibrary_Driver/Ethernet/wizchip_conf.o
                0x080045d8                ctlnetwork
 .text.wizchip_sw_reset
                0x08004654      0x1ca ./Libraries/ioLibrary_Driver/Ethernet/wizchip_conf.o
                0x08004654                wizchip_sw_reset
 .text.wizchip_init
                0x0800481e      0x12c ./Libraries/ioLibrary_Driver/Ethernet/wizchip_conf.o
                0x0800481e                wizchip_init
 .text.wizchip_clrinterrupt
                0x0800494a       0x44 ./Libraries/ioLibrary_Driver/Ethernet/wizchip_conf.o
                0x0800494a                wizchip_clrinterrupt
 .text.wizchip_getinterrupt
                0x0800498e       0x48 ./Libraries/ioLibrary_Driver/Ethernet/wizchip_conf.o
                0x0800498e                wizchip_getinterrupt
 .text.wizchip_setinterruptmask
                0x080049d6       0x44 ./Libraries/ioLibrary_Driver/Ethernet/wizchip_conf.o
                0x080049d6                wizchip_setinterruptmask
 .text.wizchip_getinterruptmask
                0x08004a1a       0x50 ./Libraries/ioLibrary_Driver/Ethernet/wizchip_conf.o
                0x08004a1a                wizchip_getinterruptmask
 *fill*         0x08004a6a        0x2 
 .text.wizchip_setnetinfo
                0x08004a6c      0x118 ./Libraries/ioLibrary_Driver/Ethernet/wizchip_conf.o
                0x08004a6c                wizchip_setnetinfo
 .text.wizchip_getnetinfo
                0x08004b84      0x160 ./Libraries/ioLibrary_Driver/Ethernet/wizchip_conf.o
                0x08004b84                wizchip_getnetinfo
 .text.wizchip_setnetmode
                0x08004ce4       0x4a ./Libraries/ioLibrary_Driver/Ethernet/wizchip_conf.o
                0x08004ce4                wizchip_setnetmode
 .text.wizchip_getnetmode
                0x08004d2e       0x12 ./Libraries/ioLibrary_Driver/Ethernet/wizchip_conf.o
                0x08004d2e                wizchip_getnetmode
 .text.wizchip_settimeout
                0x08004d40       0x28 ./Libraries/ioLibrary_Driver/Ethernet/wizchip_conf.o
                0x08004d40                wizchip_settimeout
 .text.wizchip_gettimeout
                0x08004d68       0x2c ./Libraries/ioLibrary_Driver/Ethernet/wizchip_conf.o
                0x08004d68                wizchip_gettimeout
 .text.default_ip_assign
                0x08004d94       0xa4 ./Libraries/ioLibrary_Driver/Internet/DHCP/dhcp.o
                0x08004d94                default_ip_assign
 .text.default_ip_update
                0x08004e38       0x64 ./Libraries/ioLibrary_Driver/Internet/DHCP/dhcp.o
                0x08004e38                default_ip_update
 .text.default_ip_conflict
                0x08004e9c       0x60 ./Libraries/ioLibrary_Driver/Internet/DHCP/dhcp.o
                0x08004e9c                default_ip_conflict
 .text.reg_dhcp_cbfunc
                0x08004efc       0x68 ./Libraries/ioLibrary_Driver/Internet/DHCP/dhcp.o
                0x08004efc                reg_dhcp_cbfunc
 .text.makeDHCPMSG
                0x08004f64      0x230 ./Libraries/ioLibrary_Driver/Internet/DHCP/dhcp.o
                0x08004f64                makeDHCPMSG
 .text.send_DHCP_DISCOVER
                0x08005194      0x38c ./Libraries/ioLibrary_Driver/Internet/DHCP/dhcp.o
                0x08005194                send_DHCP_DISCOVER
 .text.send_DHCP_REQUEST
                0x08005520      0x514 ./Libraries/ioLibrary_Driver/Internet/DHCP/dhcp.o
                0x08005520                send_DHCP_REQUEST
 .text.send_DHCP_DECLINE
                0x08005a34      0x2a4 ./Libraries/ioLibrary_Driver/Internet/DHCP/dhcp.o
                0x08005a34                send_DHCP_DECLINE
 .text.parseDHCPMSG
                0x08005cd8      0x43c ./Libraries/ioLibrary_Driver/Internet/DHCP/dhcp.o
                0x08005cd8                parseDHCPMSG
 .text.DHCP_run
                0x08006114      0x230 ./Libraries/ioLibrary_Driver/Internet/DHCP/dhcp.o
                0x08006114                DHCP_run
 .text.DHCP_stop
                0x08006344       0x20 ./Libraries/ioLibrary_Driver/Internet/DHCP/dhcp.o
                0x08006344                DHCP_stop
 .text.check_DHCP_timeout
                0x08006364       0xc0 ./Libraries/ioLibrary_Driver/Internet/DHCP/dhcp.o
                0x08006364                check_DHCP_timeout
 .text.check_DHCP_leasedIP
                0x08006424       0x78 ./Libraries/ioLibrary_Driver/Internet/DHCP/dhcp.o
                0x08006424                check_DHCP_leasedIP
 .text.DHCP_init
                0x0800649c      0x1e8 ./Libraries/ioLibrary_Driver/Internet/DHCP/dhcp.o
                0x0800649c                DHCP_init
 .text.reset_DHCP_timeout
                0x08006684       0x2c ./Libraries/ioLibrary_Driver/Internet/DHCP/dhcp.o
                0x08006684                reset_DHCP_timeout
 .text.getIPfromDHCP
                0x080066b0       0x40 ./Libraries/ioLibrary_Driver/Internet/DHCP/dhcp.o
                0x080066b0                getIPfromDHCP
 .text.getGWfromDHCP
                0x080066f0       0x40 ./Libraries/ioLibrary_Driver/Internet/DHCP/dhcp.o
                0x080066f0                getGWfromDHCP
 .text.getSNfromDHCP
                0x08006730       0x40 ./Libraries/ioLibrary_Driver/Internet/DHCP/dhcp.o
                0x08006730                getSNfromDHCP
 .text.getDNSfromDHCP
                0x08006770       0x40 ./Libraries/ioLibrary_Driver/Internet/DHCP/dhcp.o
                0x08006770                getDNSfromDHCP
 .text.getDHCPLeasetime
                0x080067b0       0x18 ./Libraries/ioLibrary_Driver/Internet/DHCP/dhcp.o
                0x080067b0                getDHCPLeasetime
 .text.NibbleToHex
                0x080067c8       0x32 ./Libraries/ioLibrary_Driver/Internet/DHCP/dhcp.o
                0x080067c8                NibbleToHex
 *fill*         0x080067fa        0x2 
 .text.wizchip_select
                0x080067fc       0x18 ./Port/ioLibrary_Driver/src/w5x00_bus.o
 .text.wizchip_deselect
                0x08006814       0x18 ./Port/ioLibrary_Driver/src/w5x00_bus.o
 .text.wizchip_read
                0x0800682c       0x1e ./Port/ioLibrary_Driver/src/w5x00_bus.o
 .text.wizchip_write
                0x0800684a       0x24 ./Port/ioLibrary_Driver/src/w5x00_bus.o
 *fill*         0x0800686e        0x2 
 .text.wizchip_initialize
                0x08006870       0x5c ./Port/ioLibrary_Driver/src/w5x00_bus.o
                0x08006870                wizchip_initialize
 .text.wizchip_reset
                0x080068cc       0x30 ./Port/ioLibrary_Driver/src/w5x00_bus.o
                0x080068cc                wizchip_reset
 .text.wizchip_check
                0x080068fc        0xe ./Port/ioLibrary_Driver/src/w5x00_bus.o
                0x080068fc                wizchip_check
 .text.wizchip_network_initialize
                0x0800690a       0x24 ./Port/ioLibrary_Driver/src/w5x00_network.o
                0x0800690a                wizchip_network_initialize
 *fill*         0x0800692e        0x2 
 .text.wizchip_network_information
                0x08006930      0x138 ./Port/ioLibrary_Driver/src/w5x00_network.o
                0x08006930                wizchip_network_information
 .text.std      0x08006a68       0x6c C:/ST/STM32CubeIDE_1.15.1/STM32CubeIDE/plugins/com.st.stm32cube.ide.mcu.externaltools.gnu-tools-for-stm32.12.3.rel1.win32_1.0.200.202406191623/tools/bin/../lib/gcc/arm-none-eabi/12.3.1/../../../../arm-none-eabi/lib/thumb/v7e-m+fp/hard\libc_nano.a(libc_a-findfp.o)
 .text.stdio_exit_handler
                0x08006ad4       0x18 C:/ST/STM32CubeIDE_1.15.1/STM32CubeIDE/plugins/com.st.stm32cube.ide.mcu.externaltools.gnu-tools-for-stm32.12.3.rel1.win32_1.0.200.202406191623/tools/bin/../lib/gcc/arm-none-eabi/12.3.1/../../../../arm-none-eabi/lib/thumb/v7e-m+fp/hard\libc_nano.a(libc_a-findfp.o)
 .text.cleanup_stdio
                0x08006aec       0x40 C:/ST/STM32CubeIDE_1.15.1/STM32CubeIDE/plugins/com.st.stm32cube.ide.mcu.externaltools.gnu-tools-for-stm32.12.3.rel1.win32_1.0.200.202406191623/tools/bin/../lib/gcc/arm-none-eabi/12.3.1/../../../../arm-none-eabi/lib/thumb/v7e-m+fp/hard\libc_nano.a(libc_a-findfp.o)
 .text.global_stdio_init.part.0
                0x08006b2c       0x3c C:/ST/STM32CubeIDE_1.15.1/STM32CubeIDE/plugins/com.st.stm32cube.ide.mcu.externaltools.gnu-tools-for-stm32.12.3.rel1.win32_1.0.200.202406191623/tools/bin/../lib/gcc/arm-none-eabi/12.3.1/../../../../arm-none-eabi/lib/thumb/v7e-m+fp/hard\libc_nano.a(libc_a-findfp.o)
 .text.__sfp_lock_acquire
                0x08006b68        0xc C:/ST/STM32CubeIDE_1.15.1/STM32CubeIDE/plugins/com.st.stm32cube.ide.mcu.externaltools.gnu-tools-for-stm32.12.3.rel1.win32_1.0.200.202406191623/tools/bin/../lib/gcc/arm-none-eabi/12.3.1/../../../../arm-none-eabi/lib/thumb/v7e-m+fp/hard\libc_nano.a(libc_a-findfp.o)
                0x08006b68                __sfp_lock_acquire
 .text.__sfp_lock_release
                0x08006b74        0xc C:/ST/STM32CubeIDE_1.15.1/STM32CubeIDE/plugins/com.st.stm32cube.ide.mcu.externaltools.gnu-tools-for-stm32.12.3.rel1.win32_1.0.200.202406191623/tools/bin/../lib/gcc/arm-none-eabi/12.3.1/../../../../arm-none-eabi/lib/thumb/v7e-m+fp/hard\libc_nano.a(libc_a-findfp.o)
                0x08006b74                __sfp_lock_release
 .text.__sinit  0x08006b80       0x30 C:/ST/STM32CubeIDE_1.15.1/STM32CubeIDE/plugins/com.st.stm32cube.ide.mcu.externaltools.gnu-tools-for-stm32.12.3.rel1.win32_1.0.200.202406191623/tools/bin/../lib/gcc/arm-none-eabi/12.3.1/../../../../arm-none-eabi/lib/thumb/v7e-m+fp/hard\libc_nano.a(libc_a-findfp.o)
                0x08006b80                __sinit
 .text._fwalk_sglue
                0x08006bb0       0x3c C:/ST/STM32CubeIDE_1.15.1/STM32CubeIDE/plugins/com.st.stm32cube.ide.mcu.externaltools.gnu-tools-for-stm32.12.3.rel1.win32_1.0.200.202406191623/tools/bin/../lib/gcc/arm-none-eabi/12.3.1/../../../../arm-none-eabi/lib/thumb/v7e-m+fp/hard\libc_nano.a(libc_a-fwalk.o)
                0x08006bb0                _fwalk_sglue
 .text.printf   0x08006bec       0x24 C:/ST/STM32CubeIDE_1.15.1/STM32CubeIDE/plugins/com.st.stm32cube.ide.mcu.externaltools.gnu-tools-for-stm32.12.3.rel1.win32_1.0.200.202406191623/tools/bin/../lib/gcc/arm-none-eabi/12.3.1/../../../../arm-none-eabi/lib/thumb/v7e-m+fp/hard\libc_nano.a(libc_a-printf.o)
                0x08006bec                iprintf
                0x08006bec                printf
 .text._puts_r  0x08006c10       0xaa C:/ST/STM32CubeIDE_1.15.1/STM32CubeIDE/plugins/com.st.stm32cube.ide.mcu.externaltools.gnu-tools-for-stm32.12.3.rel1.win32_1.0.200.202406191623/tools/bin/../lib/gcc/arm-none-eabi/12.3.1/../../../../arm-none-eabi/lib/thumb/v7e-m+fp/hard\libc_nano.a(libc_a-puts.o)
                0x08006c10                _puts_r
 *fill*         0x08006cba        0x2 
 .text.puts     0x08006cbc       0x10 C:/ST/STM32CubeIDE_1.15.1/STM32CubeIDE/plugins/com.st.stm32cube.ide.mcu.externaltools.gnu-tools-for-stm32.12.3.rel1.win32_1.0.200.202406191623/tools/bin/../lib/gcc/arm-none-eabi/12.3.1/../../../../arm-none-eabi/lib/thumb/v7e-m+fp/hard\libc_nano.a(libc_a-puts.o)
                0x08006cbc                puts
 .text.__sread  0x08006ccc       0x22 C:/ST/STM32CubeIDE_1.15.1/STM32CubeIDE/plugins/com.st.stm32cube.ide.mcu.externaltools.gnu-tools-for-stm32.12.3.rel1.win32_1.0.200.202406191623/tools/bin/../lib/gcc/arm-none-eabi/12.3.1/../../../../arm-none-eabi/lib/thumb/v7e-m+fp/hard\libc_nano.a(libc_a-stdio.o)
                0x08006ccc                __sread
 .text.__swrite
                0x08006cee       0x38 C:/ST/STM32CubeIDE_1.15.1/STM32CubeIDE/plugins/com.st.stm32cube.ide.mcu.externaltools.gnu-tools-for-stm32.12.3.rel1.win32_1.0.200.202406191623/tools/bin/../lib/gcc/arm-none-eabi/12.3.1/../../../../arm-none-eabi/lib/thumb/v7e-m+fp/hard\libc_nano.a(libc_a-stdio.o)
                0x08006cee                __swrite
 .text.__sseek  0x08006d26       0x24 C:/ST/STM32CubeIDE_1.15.1/STM32CubeIDE/plugins/com.st.stm32cube.ide.mcu.externaltools.gnu-tools-for-stm32.12.3.rel1.win32_1.0.200.202406191623/tools/bin/../lib/gcc/arm-none-eabi/12.3.1/../../../../arm-none-eabi/lib/thumb/v7e-m+fp/hard\libc_nano.a(libc_a-stdio.o)
                0x08006d26                __sseek
 .text.__sclose
                0x08006d4a        0x8 C:/ST/STM32CubeIDE_1.15.1/STM32CubeIDE/plugins/com.st.stm32cube.ide.mcu.externaltools.gnu-tools-for-stm32.12.3.rel1.win32_1.0.200.202406191623/tools/bin/../lib/gcc/arm-none-eabi/12.3.1/../../../../arm-none-eabi/lib/thumb/v7e-m+fp/hard\libc_nano.a(libc_a-stdio.o)
                0x08006d4a                __sclose
 .text.__swbuf_r
                0x08006d52       0x7c C:/ST/STM32CubeIDE_1.15.1/STM32CubeIDE/plugins/com.st.stm32cube.ide.mcu.externaltools.gnu-tools-for-stm32.12.3.rel1.win32_1.0.200.202406191623/tools/bin/../lib/gcc/arm-none-eabi/12.3.1/../../../../arm-none-eabi/lib/thumb/v7e-m+fp/hard\libc_nano.a(libc_a-wbuf.o)
                0x08006d52                __swbuf_r
 *fill*         0x08006dce        0x2 
 .text.__swsetup_r
                0x08006dd0       0xac C:/ST/STM32CubeIDE_1.15.1/STM32CubeIDE/plugins/com.st.stm32cube.ide.mcu.externaltools.gnu-tools-for-stm32.12.3.rel1.win32_1.0.200.202406191623/tools/bin/../lib/gcc/arm-none-eabi/12.3.1/../../../../arm-none-eabi/lib/thumb/v7e-m+fp/hard\libc_nano.a(libc_a-wsetup.o)
                0x08006dd0                __swsetup_r
 .text.memset   0x08006e7c       0x10 C:/ST/STM32CubeIDE_1.15.1/STM32CubeIDE/plugins/com.st.stm32cube.ide.mcu.externaltools.gnu-tools-for-stm32.12.3.rel1.win32_1.0.200.202406191623/tools/bin/../lib/gcc/arm-none-eabi/12.3.1/../../../../arm-none-eabi/lib/thumb/v7e-m+fp/hard\libc_nano.a(libc_a-memset.o)
                0x08006e7c                memset
 .text._close_r
                0x08006e8c       0x20 C:/ST/STM32CubeIDE_1.15.1/STM32CubeIDE/plugins/com.st.stm32cube.ide.mcu.externaltools.gnu-tools-for-stm32.12.3.rel1.win32_1.0.200.202406191623/tools/bin/../lib/gcc/arm-none-eabi/12.3.1/../../../../arm-none-eabi/lib/thumb/v7e-m+fp/hard\libc_nano.a(libc_a-closer.o)
                0x08006e8c                _close_r
 .text._lseek_r
                0x08006eac       0x24 C:/ST/STM32CubeIDE_1.15.1/STM32CubeIDE/plugins/com.st.stm32cube.ide.mcu.externaltools.gnu-tools-for-stm32.12.3.rel1.win32_1.0.200.202406191623/tools/bin/../lib/gcc/arm-none-eabi/12.3.1/../../../../arm-none-eabi/lib/thumb/v7e-m+fp/hard\libc_nano.a(libc_a-lseekr.o)
                0x08006eac                _lseek_r
 .text._read_r  0x08006ed0       0x24 C:/ST/STM32CubeIDE_1.15.1/STM32CubeIDE/plugins/com.st.stm32cube.ide.mcu.externaltools.gnu-tools-for-stm32.12.3.rel1.win32_1.0.200.202406191623/tools/bin/../lib/gcc/arm-none-eabi/12.3.1/../../../../arm-none-eabi/lib/thumb/v7e-m+fp/hard\libc_nano.a(libc_a-readr.o)
                0x08006ed0                _read_r
 .text._write_r
                0x08006ef4       0x24 C:/ST/STM32CubeIDE_1.15.1/STM32CubeIDE/plugins/com.st.stm32cube.ide.mcu.externaltools.gnu-tools-for-stm32.12.3.rel1.win32_1.0.200.202406191623/tools/bin/../lib/gcc/arm-none-eabi/12.3.1/../../../../arm-none-eabi/lib/thumb/v7e-m+fp/hard\libc_nano.a(libc_a-writer.o)
                0x08006ef4                _write_r
 .text.__errno  0x08006f18        0xc C:/ST/STM32CubeIDE_1.15.1/STM32CubeIDE/plugins/com.st.stm32cube.ide.mcu.externaltools.gnu-tools-for-stm32.12.3.rel1.win32_1.0.200.202406191623/tools/bin/../lib/gcc/arm-none-eabi/12.3.1/../../../../arm-none-eabi/lib/thumb/v7e-m+fp/hard\libc_nano.a(libc_a-errno.o)
                0x08006f18                __errno
 .text.__libc_init_array
                0x08006f24       0x48 C:/ST/STM32CubeIDE_1.15.1/STM32CubeIDE/plugins/com.st.stm32cube.ide.mcu.externaltools.gnu-tools-for-stm32.12.3.rel1.win32_1.0.200.202406191623/tools/bin/../lib/gcc/arm-none-eabi/12.3.1/../../../../arm-none-eabi/lib/thumb/v7e-m+fp/hard\libc_nano.a(libc_a-init.o)
                0x08006f24                __libc_init_array
 .text.__retarget_lock_init_recursive
                0x08006f6c        0x2 C:/ST/STM32CubeIDE_1.15.1/STM32CubeIDE/plugins/com.st.stm32cube.ide.mcu.externaltools.gnu-tools-for-stm32.12.3.rel1.win32_1.0.200.202406191623/tools/bin/../lib/gcc/arm-none-eabi/12.3.1/../../../../arm-none-eabi/lib/thumb/v7e-m+fp/hard\libc_nano.a(libc_a-lock.o)
                0x08006f6c                __retarget_lock_init_recursive
 .text.__retarget_lock_acquire_recursive
                0x08006f6e        0x2 C:/ST/STM32CubeIDE_1.15.1/STM32CubeIDE/plugins/com.st.stm32cube.ide.mcu.externaltools.gnu-tools-for-stm32.12.3.rel1.win32_1.0.200.202406191623/tools/bin/../lib/gcc/arm-none-eabi/12.3.1/../../../../arm-none-eabi/lib/thumb/v7e-m+fp/hard\libc_nano.a(libc_a-lock.o)
                0x08006f6e                __retarget_lock_acquire_recursive
 .text.__retarget_lock_release_recursive
                0x08006f70        0x2 C:/ST/STM32CubeIDE_1.15.1/STM32CubeIDE/plugins/com.st.stm32cube.ide.mcu.externaltools.gnu-tools-for-stm32.12.3.rel1.win32_1.0.200.202406191623/tools/bin/../lib/gcc/arm-none-eabi/12.3.1/../../../../arm-none-eabi/lib/thumb/v7e-m+fp/hard\libc_nano.a(libc_a-lock.o)
                0x08006f70                __retarget_lock_release_recursive
 *fill*         0x08006f72        0x2 
 .text._free_r  0x08006f74       0x94 C:/ST/STM32CubeIDE_1.15.1/STM32CubeIDE/plugins/com.st.stm32cube.ide.mcu.externaltools.gnu-tools-for-stm32.12.3.rel1.win32_1.0.200.202406191623/tools/bin/../lib/gcc/arm-none-eabi/12.3.1/../../../../arm-none-eabi/lib/thumb/v7e-m+fp/hard\libc_nano.a(libc_a-freer.o)
                0x08006f74                _free_r
 .text.sbrk_aligned
                0x08007008       0x44 C:/ST/STM32CubeIDE_1.15.1/STM32CubeIDE/plugins/com.st.stm32cube.ide.mcu.externaltools.gnu-tools-for-stm32.12.3.rel1.win32_1.0.200.202406191623/tools/bin/../lib/gcc/arm-none-eabi/12.3.1/../../../../arm-none-eabi/lib/thumb/v7e-m+fp/hard\libc_nano.a(libc_a-mallocr.o)
 .text._malloc_r
                0x0800704c      0x100 C:/ST/STM32CubeIDE_1.15.1/STM32CubeIDE/plugins/com.st.stm32cube.ide.mcu.externaltools.gnu-tools-for-stm32.12.3.rel1.win32_1.0.200.202406191623/tools/bin/../lib/gcc/arm-none-eabi/12.3.1/../../../../arm-none-eabi/lib/thumb/v7e-m+fp/hard\libc_nano.a(libc_a-mallocr.o)
                0x0800704c                _malloc_r
 .text.__malloc_lock
                0x0800714c        0xc C:/ST/STM32CubeIDE_1.15.1/STM32CubeIDE/plugins/com.st.stm32cube.ide.mcu.externaltools.gnu-tools-for-stm32.12.3.rel1.win32_1.0.200.202406191623/tools/bin/../lib/gcc/arm-none-eabi/12.3.1/../../../../arm-none-eabi/lib/thumb/v7e-m+fp/hard\libc_nano.a(libc_a-mlock.o)
                0x0800714c                __malloc_lock
 .text.__malloc_unlock
                0x08007158        0xc C:/ST/STM32CubeIDE_1.15.1/STM32CubeIDE/plugins/com.st.stm32cube.ide.mcu.externaltools.gnu-tools-for-stm32.12.3.rel1.win32_1.0.200.202406191623/tools/bin/../lib/gcc/arm-none-eabi/12.3.1/../../../../arm-none-eabi/lib/thumb/v7e-m+fp/hard\libc_nano.a(libc_a-mlock.o)
                0x08007158                __malloc_unlock
 .text.__sfputc_r
                0x08007164       0x2e C:/ST/STM32CubeIDE_1.15.1/STM32CubeIDE/plugins/com.st.stm32cube.ide.mcu.externaltools.gnu-tools-for-stm32.12.3.rel1.win32_1.0.200.202406191623/tools/bin/../lib/gcc/arm-none-eabi/12.3.1/../../../../arm-none-eabi/lib/thumb/v7e-m+fp/hard\libc_nano.a(libc_a-nano-vfprintf.o)
 .text.__sfputs_r
                0x08007192       0x24 C:/ST/STM32CubeIDE_1.15.1/STM32CubeIDE/plugins/com.st.stm32cube.ide.mcu.externaltools.gnu-tools-for-stm32.12.3.rel1.win32_1.0.200.202406191623/tools/bin/../lib/gcc/arm-none-eabi/12.3.1/../../../../arm-none-eabi/lib/thumb/v7e-m+fp/hard\libc_nano.a(libc_a-nano-vfprintf.o)
                0x08007192                __sfputs_r
 *fill*         0x080071b6        0x2 
 .text._vfprintf_r
                0x080071b8      0x230 C:/ST/STM32CubeIDE_1.15.1/STM32CubeIDE/plugins/com.st.stm32cube.ide.mcu.externaltools.gnu-tools-for-stm32.12.3.rel1.win32_1.0.200.202406191623/tools/bin/../lib/gcc/arm-none-eabi/12.3.1/../../../../arm-none-eabi/lib/thumb/v7e-m+fp/hard\libc_nano.a(libc_a-nano-vfprintf.o)
                0x080071b8                _vfprintf_r
                0x080071b8                _vfiprintf_r
 .text._printf_common
                0x080073e8       0xda C:/ST/STM32CubeIDE_1.15.1/STM32CubeIDE/plugins/com.st.stm32cube.ide.mcu.externaltools.gnu-tools-for-stm32.12.3.rel1.win32_1.0.200.202406191623/tools/bin/../lib/gcc/arm-none-eabi/12.3.1/../../../../arm-none-eabi/lib/thumb/v7e-m+fp/hard\libc_nano.a(libc_a-nano-vfprintf_i.o)
                0x080073e8                _printf_common
 *fill*         0x080074c2        0x2 
 .text._printf_i
                0x080074c4      0x240 C:/ST/STM32CubeIDE_1.15.1/STM32CubeIDE/plugins/com.st.stm32cube.ide.mcu.externaltools.gnu-tools-for-stm32.12.3.rel1.win32_1.0.200.202406191623/tools/bin/../lib/gcc/arm-none-eabi/12.3.1/../../../../arm-none-eabi/lib/thumb/v7e-m+fp/hard\libc_nano.a(libc_a-nano-vfprintf_i.o)
                0x080074c4                _printf_i
 .text.__sflush_r
                0x08007704      0x108 C:/ST/STM32CubeIDE_1.15.1/STM32CubeIDE/plugins/com.st.stm32cube.ide.mcu.externaltools.gnu-tools-for-stm32.12.3.rel1.win32_1.0.200.202406191623/tools/bin/../lib/gcc/arm-none-eabi/12.3.1/../../../../arm-none-eabi/lib/thumb/v7e-m+fp/hard\libc_nano.a(libc_a-fflush.o)
                0x08007704                __sflush_r
 .text._fflush_r
                0x0800780c       0x50 C:/ST/STM32CubeIDE_1.15.1/STM32CubeIDE/plugins/com.st.stm32cube.ide.mcu.externaltools.gnu-tools-for-stm32.12.3.rel1.win32_1.0.200.202406191623/tools/bin/../lib/gcc/arm-none-eabi/12.3.1/../../../../arm-none-eabi/lib/thumb/v7e-m+fp/hard\libc_nano.a(libc_a-fflush.o)
                0x0800780c                _fflush_r
 .text.__swhatbuf_r
                0x0800785c       0x4c C:/ST/STM32CubeIDE_1.15.1/STM32CubeIDE/plugins/com.st.stm32cube.ide.mcu.externaltools.gnu-tools-for-stm32.12.3.rel1.win32_1.0.200.202406191623/tools/bin/../lib/gcc/arm-none-eabi/12.3.1/../../../../arm-none-eabi/lib/thumb/v7e-m+fp/hard\libc_nano.a(libc_a-makebuf.o)
                0x0800785c                __swhatbuf_r
 .text.__smakebuf_r
                0x080078a8       0x78 C:/ST/STM32CubeIDE_1.15.1/STM32CubeIDE/plugins/com.st.stm32cube.ide.mcu.externaltools.gnu-tools-for-stm32.12.3.rel1.win32_1.0.200.202406191623/tools/bin/../lib/gcc/arm-none-eabi/12.3.1/../../../../arm-none-eabi/lib/thumb/v7e-m+fp/hard\libc_nano.a(libc_a-makebuf.o)
                0x080078a8                __smakebuf_r
 .text._fstat_r
                0x08007920       0x24 C:/ST/STM32CubeIDE_1.15.1/STM32CubeIDE/plugins/com.st.stm32cube.ide.mcu.externaltools.gnu-tools-for-stm32.12.3.rel1.win32_1.0.200.202406191623/tools/bin/../lib/gcc/arm-none-eabi/12.3.1/../../../../arm-none-eabi/lib/thumb/v7e-m+fp/hard\libc_nano.a(libc_a-fstatr.o)
                0x08007920                _fstat_r
 .text._isatty_r
                0x08007944       0x20 C:/ST/STM32CubeIDE_1.15.1/STM32CubeIDE/plugins/com.st.stm32cube.ide.mcu.externaltools.gnu-tools-for-stm32.12.3.rel1.win32_1.0.200.202406191623/tools/bin/../lib/gcc/arm-none-eabi/12.3.1/../../../../arm-none-eabi/lib/thumb/v7e-m+fp/hard\libc_nano.a(libc_a-isattyr.o)
                0x08007944                _isatty_r
 .text._sbrk_r  0x08007964       0x20 C:/ST/STM32CubeIDE_1.15.1/STM32CubeIDE/plugins/com.st.stm32cube.ide.mcu.externaltools.gnu-tools-for-stm32.12.3.rel1.win32_1.0.200.202406191623/tools/bin/../lib/gcc/arm-none-eabi/12.3.1/../../../../arm-none-eabi/lib/thumb/v7e-m+fp/hard\libc_nano.a(libc_a-sbrkr.o)
                0x08007964                _sbrk_r
 *(.glue_7)
 .glue_7        0x08007984        0x0 linker stubs
 *(.glue_7t)
 .glue_7t       0x08007984        0x0 linker stubs
 *(.eh_frame)
 .eh_frame      0x08007984        0x0 C:/ST/STM32CubeIDE_1.15.1/STM32CubeIDE/plugins/com.st.stm32cube.ide.mcu.externaltools.gnu-tools-for-stm32.12.3.rel1.win32_1.0.200.202406191623/tools/bin/../lib/gcc/arm-none-eabi/12.3.1/thumb/v7e-m+fp/hard/crtbegin.o
 *(.init)
 .init          0x08007984        0x4 C:/ST/STM32CubeIDE_1.15.1/STM32CubeIDE/plugins/com.st.stm32cube.ide.mcu.externaltools.gnu-tools-for-stm32.12.3.rel1.win32_1.0.200.202406191623/tools/bin/../lib/gcc/arm-none-eabi/12.3.1/thumb/v7e-m+fp/hard/crti.o
                0x08007984                _init
 .init          0x08007988        0x8 C:/ST/STM32CubeIDE_1.15.1/STM32CubeIDE/plugins/com.st.stm32cube.ide.mcu.externaltools.gnu-tools-for-stm32.12.3.rel1.win32_1.0.200.202406191623/tools/bin/../lib/gcc/arm-none-eabi/12.3.1/thumb/v7e-m+fp/hard/crtn.o
 *(.fini)
 .fini          0x08007990        0x4 C:/ST/STM32CubeIDE_1.15.1/STM32CubeIDE/plugins/com.st.stm32cube.ide.mcu.externaltools.gnu-tools-for-stm32.12.3.rel1.win32_1.0.200.202406191623/tools/bin/../lib/gcc/arm-none-eabi/12.3.1/thumb/v7e-m+fp/hard/crti.o
                0x08007990                _fini
 .fini          0x08007994        0x8 C:/ST/STM32CubeIDE_1.15.1/STM32CubeIDE/plugins/com.st.stm32cube.ide.mcu.externaltools.gnu-tools-for-stm32.12.3.rel1.win32_1.0.200.202406191623/tools/bin/../lib/gcc/arm-none-eabi/12.3.1/thumb/v7e-m+fp/hard/crtn.o
                0x0800799c                        . = ALIGN (0x4)
                0x0800799c                        _etext = .

.vfp11_veneer   0x0800799c        0x0
 .vfp11_veneer  0x0800799c        0x0 linker stubs

.v4_bx          0x0800799c        0x0
 .v4_bx         0x0800799c        0x0 linker stubs

.iplt           0x0800799c        0x0
 .iplt          0x0800799c        0x0 C:/ST/STM32CubeIDE_1.15.1/STM32CubeIDE/plugins/com.st.stm32cube.ide.mcu.externaltools.gnu-tools-for-stm32.12.3.rel1.win32_1.0.200.202406191623/tools/bin/../lib/gcc/arm-none-eabi/12.3.1/thumb/v7e-m+fp/hard/crtbegin.o

.rodata         0x0800799c      0x2e8
                0x0800799c                        . = ALIGN (0x4)
 *(.rodata)
 .rodata        0x0800799c       0x9b ./Core/Src/main.o
 *fill*         0x08007a37        0x1 
 .rodata        0x08007a38        0x5 ./Libraries/ioLibrary_Driver/Ethernet/socket.o
 *fill*         0x08007a3d        0x3 
 .rodata        0x08007a40       0x12 ./Libraries/ioLibrary_Driver/Internet/DHCP/dhcp.o
 *fill*         0x08007a52        0x2 
 .rodata        0x08007a54       0x28 ./Port/ioLibrary_Driver/src/w5x00_bus.o
 .rodata        0x08007a7c      0x1ba ./Port/ioLibrary_Driver/src/w5x00_network.o
 *(.rodata*)
 *fill*         0x08007c36        0x2 
 .rodata.AHBPrescTable
                0x08007c38       0x10 ./Core/Src/system_stm32f4xx.o
                0x08007c38                AHBPrescTable
 .rodata.APBPrescTable
                0x08007c48        0x8 ./Core/Src/system_stm32f4xx.o
                0x08007c48                APBPrescTable
 .rodata._vfprintf_r.str1.1
                0x08007c50       0x11 C:/ST/STM32CubeIDE_1.15.1/STM32CubeIDE/plugins/com.st.stm32cube.ide.mcu.externaltools.gnu-tools-for-stm32.12.3.rel1.win32_1.0.200.202406191623/tools/bin/../lib/gcc/arm-none-eabi/12.3.1/../../../../arm-none-eabi/lib/thumb/v7e-m+fp/hard\libc_nano.a(libc_a-nano-vfprintf.o)
 .rodata._printf_i.str1.1
                0x08007c61       0x22 C:/ST/STM32CubeIDE_1.15.1/STM32CubeIDE/plugins/com.st.stm32cube.ide.mcu.externaltools.gnu-tools-for-stm32.12.3.rel1.win32_1.0.200.202406191623/tools/bin/../lib/gcc/arm-none-eabi/12.3.1/../../../../arm-none-eabi/lib/thumb/v7e-m+fp/hard\libc_nano.a(libc_a-nano-vfprintf_i.o)
                0x08007c84                        . = ALIGN (0x4)
 *fill*         0x08007c83        0x1 

.ARM.extab      0x08007c84        0x0
                0x08007c84                        . = ALIGN (0x4)
 *(.ARM.extab* .gnu.linkonce.armextab.*)
                0x08007c84                        . = ALIGN (0x4)

.ARM            0x08007c84        0x8
                0x08007c84                        . = ALIGN (0x4)
                0x08007c84                        __exidx_start = .
 *(.ARM.exidx*)
 .ARM.exidx     0x08007c84        0x8 C:/ST/STM32CubeIDE_1.15.1/STM32CubeIDE/plugins/com.st.stm32cube.ide.mcu.externaltools.gnu-tools-for-stm32.12.3.rel1.win32_1.0.200.202406191623/tools/bin/../lib/gcc/arm-none-eabi/12.3.1/../../../../arm-none-eabi/lib/thumb/v7e-m+fp/hard\libc_nano.a(libc_a-memchr.o)
 .ARM.exidx     0x08007c8c        0x0 C:/ST/STM32CubeIDE_1.15.1/STM32CubeIDE/plugins/com.st.stm32cube.ide.mcu.externaltools.gnu-tools-for-stm32.12.3.rel1.win32_1.0.200.202406191623/tools/bin/../lib/gcc/arm-none-eabi/12.3.1/thumb/v7e-m+fp/hard\libgcc.a(_udivmoddi4.o)
                                  0x8 (size before relaxing)
                0x08007c8c                        __exidx_end = .
                0x08007c8c                        . = ALIGN (0x4)

.preinit_array  0x08007c8c        0x0
                0x08007c8c                        . = ALIGN (0x4)
                0x08007c8c                        PROVIDE (__preinit_array_start = .)
 *(.preinit_array*)
                0x08007c8c                        PROVIDE (__preinit_array_end = .)
                0x08007c8c                        . = ALIGN (0x4)

.init_array     0x08007c8c        0x4
                0x08007c8c                        . = ALIGN (0x4)
                0x08007c8c                        PROVIDE (__init_array_start = .)
 *(SORT_BY_NAME(.init_array.*))
 *(.init_array*)
 .init_array    0x08007c8c        0x4 C:/ST/STM32CubeIDE_1.15.1/STM32CubeIDE/plugins/com.st.stm32cube.ide.mcu.externaltools.gnu-tools-for-stm32.12.3.rel1.win32_1.0.200.202406191623/tools/bin/../lib/gcc/arm-none-eabi/12.3.1/thumb/v7e-m+fp/hard/crtbegin.o
                0x08007c90                        PROVIDE (__init_array_end = .)
                0x08007c90                        . = ALIGN (0x4)

.fini_array     0x08007c90        0x4
                0x08007c90                        . = ALIGN (0x4)
                [!provide]                        PROVIDE (__fini_array_start = .)
 *(SORT_BY_NAME(.fini_array.*))
 *(.fini_array*)
 .fini_array    0x08007c90        0x4 C:/ST/STM32CubeIDE_1.15.1/STM32CubeIDE/plugins/com.st.stm32cube.ide.mcu.externaltools.gnu-tools-for-stm32.12.3.rel1.win32_1.0.200.202406191623/tools/bin/../lib/gcc/arm-none-eabi/12.3.1/thumb/v7e-m+fp/hard/crtbegin.o
                [!provide]                        PROVIDE (__fini_array_end = .)
                0x08007c94                        . = ALIGN (0x4)
                0x08007c94                        _sidata = LOADADDR (.data)

.rel.dyn        0x08007c94        0x0
 .rel.iplt      0x08007c94        0x0 C:/ST/STM32CubeIDE_1.15.1/STM32CubeIDE/plugins/com.st.stm32cube.ide.mcu.externaltools.gnu-tools-for-stm32.12.3.rel1.win32_1.0.200.202406191623/tools/bin/../lib/gcc/arm-none-eabi/12.3.1/thumb/v7e-m+fp/hard/crtbegin.o

.data           0x20000000       0xc8 load address 0x08007c94
                0x20000000                        . = ALIGN (0x4)
                0x20000000                        _sdata = .
 *(.data)
 *(.data*)
 .data.net_info
                0x20000000       0x17 ./Core/Src/main.o
                0x20000000                net_info
 *fill*         0x20000017        0x1 
 .data.SystemCoreClock
                0x20000018        0x4 ./Core/Src/system_stm32f4xx.o
                0x20000018                SystemCoreClock
 .data.uwTickPrio
                0x2000001c        0x4 ./Drivers/STM32F4xx_HAL_Driver/Src/stm32f4xx_hal.o
                0x2000001c                uwTickPrio
 .data.uwTickFreq
                0x20000020        0x1 ./Drivers/STM32F4xx_HAL_Driver/Src/stm32f4xx_hal.o
                0x20000020                uwTickFreq
 *fill*         0x20000021        0x1 
 .data.sock_any_port
                0x20000022        0x2 ./Libraries/ioLibrary_Driver/Ethernet/socket.o
 .data.WIZCHIP  0x20000024       0x2c ./Libraries/ioLibrary_Driver/Ethernet/wizchip_conf.o
                0x20000024                WIZCHIP
 .data.dhcp_lease_time
                0x20000050        0x4 ./Libraries/ioLibrary_Driver/Internet/DHCP/dhcp.o
                0x20000050                dhcp_lease_time
 .data.dhcp_tick_next
                0x20000054        0x4 ./Libraries/ioLibrary_Driver/Internet/DHCP/dhcp.o
                0x20000054                dhcp_tick_next
 .data.HOST_NAME
                0x20000058        0x8 ./Libraries/ioLibrary_Driver/Internet/DHCP/dhcp.o
                0x20000058                HOST_NAME
 .data.dhcp_ip_assign
                0x20000060        0x4 ./Libraries/ioLibrary_Driver/Internet/DHCP/dhcp.o
                0x20000060                dhcp_ip_assign
 .data.dhcp_ip_update
                0x20000064        0x4 ./Libraries/ioLibrary_Driver/Internet/DHCP/dhcp.o
                0x20000064                dhcp_ip_update
 .data.dhcp_ip_conflict
                0x20000068        0x4 ./Libraries/ioLibrary_Driver/Internet/DHCP/dhcp.o
                0x20000068                dhcp_ip_conflict
 .data.__sglue  0x2000006c        0xc C:/ST/STM32CubeIDE_1.15.1/STM32CubeIDE/plugins/com.st.stm32cube.ide.mcu.externaltools.gnu-tools-for-stm32.12.3.rel1.win32_1.0.200.202406191623/tools/bin/../lib/gcc/arm-none-eabi/12.3.1/../../../../arm-none-eabi/lib/thumb/v7e-m+fp/hard\libc_nano.a(libc_a-findfp.o)
                0x2000006c                __sglue
 .data._impure_ptr
                0x20000078        0x4 C:/ST/STM32CubeIDE_1.15.1/STM32CubeIDE/plugins/com.st.stm32cube.ide.mcu.externaltools.gnu-tools-for-stm32.12.3.rel1.win32_1.0.200.202406191623/tools/bin/../lib/gcc/arm-none-eabi/12.3.1/../../../../arm-none-eabi/lib/thumb/v7e-m+fp/hard\libc_nano.a(libc_a-impure.o)
                0x20000078                _impure_ptr
 .data._impure_data
                0x2000007c       0x4c C:/ST/STM32CubeIDE_1.15.1/STM32CubeIDE/plugins/com.st.stm32cube.ide.mcu.externaltools.gnu-tools-for-stm32.12.3.rel1.win32_1.0.200.202406191623/tools/bin/../lib/gcc/arm-none-eabi/12.3.1/../../../../arm-none-eabi/lib/thumb/v7e-m+fp/hard\libc_nano.a(libc_a-impure.o)
                0x2000007c                _impure_data
 *(.RamFunc)
 *(.RamFunc*)
                0x200000c8                        . = ALIGN (0x4)
                0x200000c8                        _edata = .
                0x08007d5c                        _siccmram = LOADADDR (.ccmram)

.igot.plt       0x200000c8        0x0 load address 0x08007d5c
 .igot.plt      0x200000c8        0x0 C:/ST/STM32CubeIDE_1.15.1/STM32CubeIDE/plugins/com.st.stm32cube.ide.mcu.externaltools.gnu-tools-for-stm32.12.3.rel1.win32_1.0.200.202406191623/tools/bin/../lib/gcc/arm-none-eabi/12.3.1/thumb/v7e-m+fp/hard/crtbegin.o

.ccmram         0x10000000        0x0 load address 0x08007d5c
                0x10000000                        . = ALIGN (0x4)
                0x10000000                        _sccmram = .
 *(.ccmram)
 *(.ccmram*)
                0x10000000                        . = ALIGN (0x4)
                0x10000000                        _eccmram = .
                0x10000000                        . = ALIGN (0x4)

.bss            0x200000c8      0xab8
                0x200000c8                        _sbss = .
                0x200000c8                        __bss_start__ = _sbss
 *(.bss)
 .bss           0x200000c8       0x1c C:/ST/STM32CubeIDE_1.15.1/STM32CubeIDE/plugins/com.st.stm32cube.ide.mcu.externaltools.gnu-tools-for-stm32.12.3.rel1.win32_1.0.200.202406191623/tools/bin/../lib/gcc/arm-none-eabi/12.3.1/thumb/v7e-m+fp/hard/crtbegin.o
 *(.bss*)
 .bss.htim1     0x200000e4       0x48 ./Core/Src/main.o
                0x200000e4                htim1
 .bss.huart3    0x2000012c       0x48 ./Core/Src/main.o
                0x2000012c                huart3
 .bss.hsram1    0x20000174       0x50 ./Core/Src/main.o
                0x20000174                hsram1
 .bss.g_eth_buf
                0x200001c4      0x800 ./Core/Src/main.o
                0x200001c4                g_eth_buf
 .bss.g_dhcp_get_ip_flag
                0x200009c4        0x1 ./Core/Src/main.o
 *fill*         0x200009c5        0x3 
 .bss.FMC_Initialized
                0x200009c8        0x4 ./Core/Src/stm32f4xx_hal_msp.o
 .bss.__sbrk_heap_end
                0x200009cc        0x4 ./Core/Src/sysmem.o
 .bss.uwTick    0x200009d0        0x4 ./Drivers/STM32F4xx_HAL_Driver/Src/stm32f4xx_hal.o
                0x200009d0                uwTick
 .bss.sock_io_mode
                0x200009d4        0x2 ./Libraries/ioLibrary_Driver/Ethernet/socket.o
 .bss.sock_is_sending
                0x200009d6        0x2 ./Libraries/ioLibrary_Driver/Ethernet/socket.o
 .bss.sock_remained_size
                0x200009d8       0x10 ./Libraries/ioLibrary_Driver/Ethernet/socket.o
 .bss.sock_pack_info
                0x200009e8        0x8 ./Libraries/ioLibrary_Driver/Ethernet/socket.o
                0x200009e8                sock_pack_info
 .bss.sock_remained_byte
                0x200009f0        0x8 ./Libraries/ioLibrary_Driver/Ethernet/socket.o
                0x200009f0                sock_remained_byte
 .bss._DNS_     0x200009f8        0x4 ./Libraries/ioLibrary_Driver/Ethernet/wizchip_conf.o
 .bss._DHCP_    0x200009fc        0x1 ./Libraries/ioLibrary_Driver/Ethernet/wizchip_conf.o
 .bss.DHCP_SOCKET
                0x200009fd        0x1 ./Libraries/ioLibrary_Driver/Internet/DHCP/dhcp.o
                0x200009fd                DHCP_SOCKET
 *fill*         0x200009fe        0x2 
 .bss.DHCP_SIP  0x20000a00        0x4 ./Libraries/ioLibrary_Driver/Internet/DHCP/dhcp.o
                0x20000a00                DHCP_SIP
 .bss.DHCP_REAL_SIP
                0x20000a04        0x4 ./Libraries/ioLibrary_Driver/Internet/DHCP/dhcp.o
                0x20000a04                DHCP_REAL_SIP
 .bss.OLD_allocated_ip
                0x20000a08        0x4 ./Libraries/ioLibrary_Driver/Internet/DHCP/dhcp.o
                0x20000a08                OLD_allocated_ip
 .bss.DHCP_allocated_ip
                0x20000a0c        0x4 ./Libraries/ioLibrary_Driver/Internet/DHCP/dhcp.o
                0x20000a0c                DHCP_allocated_ip
 .bss.DHCP_allocated_gw
                0x20000a10        0x4 ./Libraries/ioLibrary_Driver/Internet/DHCP/dhcp.o
                0x20000a10                DHCP_allocated_gw
 .bss.DHCP_allocated_sn
                0x20000a14        0x4 ./Libraries/ioLibrary_Driver/Internet/DHCP/dhcp.o
                0x20000a14                DHCP_allocated_sn
 .bss.DHCP_allocated_dns
                0x20000a18        0x4 ./Libraries/ioLibrary_Driver/Internet/DHCP/dhcp.o
                0x20000a18                DHCP_allocated_dns
 .bss.dhcp_state
                0x20000a1c        0x1 ./Libraries/ioLibrary_Driver/Internet/DHCP/dhcp.o
                0x20000a1c                dhcp_state
 .bss.dhcp_retry_count
                0x20000a1d        0x1 ./Libraries/ioLibrary_Driver/Internet/DHCP/dhcp.o
                0x20000a1d                dhcp_retry_count
 *fill*         0x20000a1e        0x2 
 .bss.dhcp_tick_1s
                0x20000a20        0x4 ./Libraries/ioLibrary_Driver/Internet/DHCP/dhcp.o
                0x20000a20                dhcp_tick_1s
 .bss.DHCP_XID  0x20000a24        0x4 ./Libraries/ioLibrary_Driver/Internet/DHCP/dhcp.o
                0x20000a24                DHCP_XID
 .bss.pDHCPMSG  0x20000a28        0x4 ./Libraries/ioLibrary_Driver/Internet/DHCP/dhcp.o
                0x20000a28                pDHCPMSG
 .bss.DHCP_CHADDR
                0x20000a2c        0x6 ./Libraries/ioLibrary_Driver/Internet/DHCP/dhcp.o
                0x20000a2c                DHCP_CHADDR
 *fill*         0x20000a32        0x2 
 .bss.__sf      0x20000a34      0x138 C:/ST/STM32CubeIDE_1.15.1/STM32CubeIDE/plugins/com.st.stm32cube.ide.mcu.externaltools.gnu-tools-for-stm32.12.3.rel1.win32_1.0.200.202406191623/tools/bin/../lib/gcc/arm-none-eabi/12.3.1/../../../../arm-none-eabi/lib/thumb/v7e-m+fp/hard\libc_nano.a(libc_a-findfp.o)
                0x20000a34                __sf
 .bss.__stdio_exit_handler
                0x20000b6c        0x4 C:/ST/STM32CubeIDE_1.15.1/STM32CubeIDE/plugins/com.st.stm32cube.ide.mcu.externaltools.gnu-tools-for-stm32.12.3.rel1.win32_1.0.200.202406191623/tools/bin/../lib/gcc/arm-none-eabi/12.3.1/../../../../arm-none-eabi/lib/thumb/v7e-m+fp/hard\libc_nano.a(libc_a-findfp.o)
                0x20000b6c                __stdio_exit_handler
 .bss.errno     0x20000b70        0x4 C:/ST/STM32CubeIDE_1.15.1/STM32CubeIDE/plugins/com.st.stm32cube.ide.mcu.externaltools.gnu-tools-for-stm32.12.3.rel1.win32_1.0.200.202406191623/tools/bin/../lib/gcc/arm-none-eabi/12.3.1/../../../../arm-none-eabi/lib/thumb/v7e-m+fp/hard\libc_nano.a(libc_a-reent.o)
                0x20000b70                errno
 .bss.__lock___malloc_recursive_mutex
                0x20000b74        0x1 C:/ST/STM32CubeIDE_1.15.1/STM32CubeIDE/plugins/com.st.stm32cube.ide.mcu.externaltools.gnu-tools-for-stm32.12.3.rel1.win32_1.0.200.202406191623/tools/bin/../lib/gcc/arm-none-eabi/12.3.1/../../../../arm-none-eabi/lib/thumb/v7e-m+fp/hard\libc_nano.a(libc_a-lock.o)
                0x20000b74                __lock___malloc_recursive_mutex
 .bss.__lock___sfp_recursive_mutex
                0x20000b75        0x1 C:/ST/STM32CubeIDE_1.15.1/STM32CubeIDE/plugins/com.st.stm32cube.ide.mcu.externaltools.gnu-tools-for-stm32.12.3.rel1.win32_1.0.200.202406191623/tools/bin/../lib/gcc/arm-none-eabi/12.3.1/../../../../arm-none-eabi/lib/thumb/v7e-m+fp/hard\libc_nano.a(libc_a-lock.o)
                0x20000b75                __lock___sfp_recursive_mutex
 *fill*         0x20000b76        0x2 
 .bss.__malloc_sbrk_start
                0x20000b78        0x4 C:/ST/STM32CubeIDE_1.15.1/STM32CubeIDE/plugins/com.st.stm32cube.ide.mcu.externaltools.gnu-tools-for-stm32.12.3.rel1.win32_1.0.200.202406191623/tools/bin/../lib/gcc/arm-none-eabi/12.3.1/../../../../arm-none-eabi/lib/thumb/v7e-m+fp/hard\libc_nano.a(libc_a-mallocr.o)
                0x20000b78                __malloc_sbrk_start
 .bss.__malloc_free_list
                0x20000b7c        0x4 C:/ST/STM32CubeIDE_1.15.1/STM32CubeIDE/plugins/com.st.stm32cube.ide.mcu.externaltools.gnu-tools-for-stm32.12.3.rel1.win32_1.0.200.202406191623/tools/bin/../lib/gcc/arm-none-eabi/12.3.1/../../../../arm-none-eabi/lib/thumb/v7e-m+fp/hard\libc_nano.a(libc_a-mallocr.o)
                0x20000b7c                __malloc_free_list
 *(COMMON)
                0x20000b80                        . = ALIGN (0x4)
                0x20000b80                        _ebss = .
                0x20000b80                        __bss_end__ = _ebss

._user_heap_stack
                0x20000b80    0x18000
                0x20000b80                        . = ALIGN (0x8)
                [!provide]                        PROVIDE (end = .)
                0x20000b80                        PROVIDE (_end = .)
                0x20010b80                        . = (. + _Min_Heap_Size)
 *fill*         0x20000b80    0x10000 
                0x20018b80                        . = (. + _Min_Stack_Size)
 *fill*         0x20010b80     0x8000 
                0x20018b80                        . = ALIGN (0x8)

/DISCARD/
 libc.a(*)
 libm.a(*)
 libgcc.a(*)

.ARM.attributes
                0x00000000       0x30
 *(.ARM.attributes)
 .ARM.attributes
                0x00000000       0x22 C:/ST/STM32CubeIDE_1.15.1/STM32CubeIDE/plugins/com.st.stm32cube.ide.mcu.externaltools.gnu-tools-for-stm32.12.3.rel1.win32_1.0.200.202406191623/tools/bin/../lib/gcc/arm-none-eabi/12.3.1/thumb/v7e-m+fp/hard/crti.o
 .ARM.attributes
                0x00000022       0x34 C:/ST/STM32CubeIDE_1.15.1/STM32CubeIDE/plugins/com.st.stm32cube.ide.mcu.externaltools.gnu-tools-for-stm32.12.3.rel1.win32_1.0.200.202406191623/tools/bin/../lib/gcc/arm-none-eabi/12.3.1/thumb/v7e-m+fp/hard/crtbegin.o
 .ARM.attributes
                0x00000056       0x34 ./Core/Src/main.o
 .ARM.attributes
                0x0000008a       0x34 ./Core/Src/stm32f4xx_hal_msp.o
 .ARM.attributes
                0x000000be       0x34 ./Core/Src/stm32f4xx_it.o
 .ARM.attributes
                0x000000f2       0x34 ./Core/Src/syscalls.o
 .ARM.attributes
                0x00000126       0x34 ./Core/Src/sysmem.o
 .ARM.attributes
                0x0000015a       0x34 ./Core/Src/system_stm32f4xx.o
 .ARM.attributes
                0x0000018e       0x21 ./Core/Startup/startup_stm32f429zitx.o
 .ARM.attributes
                0x000001af       0x34 ./Drivers/STM32F4xx_HAL_Driver/Src/stm32f4xx_hal.o
 .ARM.attributes
                0x000001e3       0x34 ./Drivers/STM32F4xx_HAL_Driver/Src/stm32f4xx_hal_cortex.o
 .ARM.attributes
                0x00000217       0x34 ./Drivers/STM32F4xx_HAL_Driver/Src/stm32f4xx_hal_gpio.o
 .ARM.attributes
                0x0000024b       0x34 ./Drivers/STM32F4xx_HAL_Driver/Src/stm32f4xx_hal_pwr_ex.o
 .ARM.attributes
                0x0000027f       0x34 ./Drivers/STM32F4xx_HAL_Driver/Src/stm32f4xx_hal_rcc.o
 .ARM.attributes
                0x000002b3       0x34 ./Drivers/STM32F4xx_HAL_Driver/Src/stm32f4xx_hal_sram.o
 .ARM.attributes
                0x000002e7       0x34 ./Drivers/STM32F4xx_HAL_Driver/Src/stm32f4xx_hal_tim.o
 .ARM.attributes
                0x0000031b       0x34 ./Drivers/STM32F4xx_HAL_Driver/Src/stm32f4xx_hal_tim_ex.o
 .ARM.attributes
                0x0000034f       0x34 ./Drivers/STM32F4xx_HAL_Driver/Src/stm32f4xx_hal_uart.o
 .ARM.attributes
                0x00000383       0x34 ./Drivers/STM32F4xx_HAL_Driver/Src/stm32f4xx_ll_fmc.o
 .ARM.attributes
                0x000003b7       0x34 ./Libraries/ioLibrary_Driver/Ethernet/W5300/w5300.o
 .ARM.attributes
                0x000003eb       0x34 ./Libraries/ioLibrary_Driver/Ethernet/socket.o
 .ARM.attributes
                0x0000041f       0x34 ./Libraries/ioLibrary_Driver/Ethernet/wizchip_conf.o
 .ARM.attributes
                0x00000453       0x34 ./Libraries/ioLibrary_Driver/Internet/DHCP/dhcp.o
 .ARM.attributes
                0x00000487       0x34 ./Port/ioLibrary_Driver/src/w5x00_bus.o
 .ARM.attributes
                0x000004bb       0x34 ./Port/ioLibrary_Driver/src/w5x00_network.o
 .ARM.attributes
                0x000004ef       0x34 C:/ST/STM32CubeIDE_1.15.1/STM32CubeIDE/plugins/com.st.stm32cube.ide.mcu.externaltools.gnu-tools-for-stm32.12.3.rel1.win32_1.0.200.202406191623/tools/bin/../lib/gcc/arm-none-eabi/12.3.1/../../../../arm-none-eabi/lib/thumb/v7e-m+fp/hard\libc_nano.a(libc_a-findfp.o)
 .ARM.attributes
                0x00000523       0x34 C:/ST/STM32CubeIDE_1.15.1/STM32CubeIDE/plugins/com.st.stm32cube.ide.mcu.externaltools.gnu-tools-for-stm32.12.3.rel1.win32_1.0.200.202406191623/tools/bin/../lib/gcc/arm-none-eabi/12.3.1/../../../../arm-none-eabi/lib/thumb/v7e-m+fp/hard\libc_nano.a(libc_a-fwalk.o)
 .ARM.attributes
                0x00000557       0x34 C:/ST/STM32CubeIDE_1.15.1/STM32CubeIDE/plugins/com.st.stm32cube.ide.mcu.externaltools.gnu-tools-for-stm32.12.3.rel1.win32_1.0.200.202406191623/tools/bin/../lib/gcc/arm-none-eabi/12.3.1/../../../../arm-none-eabi/lib/thumb/v7e-m+fp/hard\libc_nano.a(libc_a-printf.o)
 .ARM.attributes
                0x0000058b       0x34 C:/ST/STM32CubeIDE_1.15.1/STM32CubeIDE/plugins/com.st.stm32cube.ide.mcu.externaltools.gnu-tools-for-stm32.12.3.rel1.win32_1.0.200.202406191623/tools/bin/../lib/gcc/arm-none-eabi/12.3.1/../../../../arm-none-eabi/lib/thumb/v7e-m+fp/hard\libc_nano.a(libc_a-puts.o)
 .ARM.attributes
                0x000005bf       0x34 C:/ST/STM32CubeIDE_1.15.1/STM32CubeIDE/plugins/com.st.stm32cube.ide.mcu.externaltools.gnu-tools-for-stm32.12.3.rel1.win32_1.0.200.202406191623/tools/bin/../lib/gcc/arm-none-eabi/12.3.1/../../../../arm-none-eabi/lib/thumb/v7e-m+fp/hard\libc_nano.a(libc_a-stdio.o)
 .ARM.attributes
                0x000005f3       0x34 C:/ST/STM32CubeIDE_1.15.1/STM32CubeIDE/plugins/com.st.stm32cube.ide.mcu.externaltools.gnu-tools-for-stm32.12.3.rel1.win32_1.0.200.202406191623/tools/bin/../lib/gcc/arm-none-eabi/12.3.1/../../../../arm-none-eabi/lib/thumb/v7e-m+fp/hard\libc_nano.a(libc_a-wbuf.o)
 .ARM.attributes
                0x00000627       0x34 C:/ST/STM32CubeIDE_1.15.1/STM32CubeIDE/plugins/com.st.stm32cube.ide.mcu.externaltools.gnu-tools-for-stm32.12.3.rel1.win32_1.0.200.202406191623/tools/bin/../lib/gcc/arm-none-eabi/12.3.1/../../../../arm-none-eabi/lib/thumb/v7e-m+fp/hard\libc_nano.a(libc_a-wsetup.o)
 .ARM.attributes
                0x0000065b       0x34 C:/ST/STM32CubeIDE_1.15.1/STM32CubeIDE/plugins/com.st.stm32cube.ide.mcu.externaltools.gnu-tools-for-stm32.12.3.rel1.win32_1.0.200.202406191623/tools/bin/../lib/gcc/arm-none-eabi/12.3.1/../../../../arm-none-eabi/lib/thumb/v7e-m+fp/hard\libc_nano.a(libc_a-memset.o)
 .ARM.attributes
                0x0000068f       0x34 C:/ST/STM32CubeIDE_1.15.1/STM32CubeIDE/plugins/com.st.stm32cube.ide.mcu.externaltools.gnu-tools-for-stm32.12.3.rel1.win32_1.0.200.202406191623/tools/bin/../lib/gcc/arm-none-eabi/12.3.1/../../../../arm-none-eabi/lib/thumb/v7e-m+fp/hard\libc_nano.a(libc_a-closer.o)
 .ARM.attributes
                0x000006c3       0x34 C:/ST/STM32CubeIDE_1.15.1/STM32CubeIDE/plugins/com.st.stm32cube.ide.mcu.externaltools.gnu-tools-for-stm32.12.3.rel1.win32_1.0.200.202406191623/tools/bin/../lib/gcc/arm-none-eabi/12.3.1/../../../../arm-none-eabi/lib/thumb/v7e-m+fp/hard\libc_nano.a(libc_a-reent.o)
 .ARM.attributes
                0x000006f7       0x34 C:/ST/STM32CubeIDE_1.15.1/STM32CubeIDE/plugins/com.st.stm32cube.ide.mcu.externaltools.gnu-tools-for-stm32.12.3.rel1.win32_1.0.200.202406191623/tools/bin/../lib/gcc/arm-none-eabi/12.3.1/../../../../arm-none-eabi/lib/thumb/v7e-m+fp/hard\libc_nano.a(libc_a-impure.o)
 .ARM.attributes
                0x0000072b       0x34 C:/ST/STM32CubeIDE_1.15.1/STM32CubeIDE/plugins/com.st.stm32cube.ide.mcu.externaltools.gnu-tools-for-stm32.12.3.rel1.win32_1.0.200.202406191623/tools/bin/../lib/gcc/arm-none-eabi/12.3.1/../../../../arm-none-eabi/lib/thumb/v7e-m+fp/hard\libc_nano.a(libc_a-lseekr.o)
 .ARM.attributes
                0x0000075f       0x34 C:/ST/STM32CubeIDE_1.15.1/STM32CubeIDE/plugins/com.st.stm32cube.ide.mcu.externaltools.gnu-tools-for-stm32.12.3.rel1.win32_1.0.200.202406191623/tools/bin/../lib/gcc/arm-none-eabi/12.3.1/../../../../arm-none-eabi/lib/thumb/v7e-m+fp/hard\libc_nano.a(libc_a-readr.o)
 .ARM.attributes
                0x00000793       0x34 C:/ST/STM32CubeIDE_1.15.1/STM32CubeIDE/plugins/com.st.stm32cube.ide.mcu.externaltools.gnu-tools-for-stm32.12.3.rel1.win32_1.0.200.202406191623/tools/bin/../lib/gcc/arm-none-eabi/12.3.1/../../../../arm-none-eabi/lib/thumb/v7e-m+fp/hard\libc_nano.a(libc_a-writer.o)
 .ARM.attributes
                0x000007c7       0x34 C:/ST/STM32CubeIDE_1.15.1/STM32CubeIDE/plugins/com.st.stm32cube.ide.mcu.externaltools.gnu-tools-for-stm32.12.3.rel1.win32_1.0.200.202406191623/tools/bin/../lib/gcc/arm-none-eabi/12.3.1/../../../../arm-none-eabi/lib/thumb/v7e-m+fp/hard\libc_nano.a(libc_a-errno.o)
 .ARM.attributes
                0x000007fb       0x34 C:/ST/STM32CubeIDE_1.15.1/STM32CubeIDE/plugins/com.st.stm32cube.ide.mcu.externaltools.gnu-tools-for-stm32.12.3.rel1.win32_1.0.200.202406191623/tools/bin/../lib/gcc/arm-none-eabi/12.3.1/../../../../arm-none-eabi/lib/thumb/v7e-m+fp/hard\libc_nano.a(libc_a-init.o)
 .ARM.attributes
                0x0000082f       0x34 C:/ST/STM32CubeIDE_1.15.1/STM32CubeIDE/plugins/com.st.stm32cube.ide.mcu.externaltools.gnu-tools-for-stm32.12.3.rel1.win32_1.0.200.202406191623/tools/bin/../lib/gcc/arm-none-eabi/12.3.1/../../../../arm-none-eabi/lib/thumb/v7e-m+fp/hard\libc_nano.a(libc_a-lock.o)
 .ARM.attributes
                0x00000863       0x34 C:/ST/STM32CubeIDE_1.15.1/STM32CubeIDE/plugins/com.st.stm32cube.ide.mcu.externaltools.gnu-tools-for-stm32.12.3.rel1.win32_1.0.200.202406191623/tools/bin/../lib/gcc/arm-none-eabi/12.3.1/../../../../arm-none-eabi/lib/thumb/v7e-m+fp/hard\libc_nano.a(libc_a-freer.o)
 .ARM.attributes
                0x00000897       0x34 C:/ST/STM32CubeIDE_1.15.1/STM32CubeIDE/plugins/com.st.stm32cube.ide.mcu.externaltools.gnu-tools-for-stm32.12.3.rel1.win32_1.0.200.202406191623/tools/bin/../lib/gcc/arm-none-eabi/12.3.1/../../../../arm-none-eabi/lib/thumb/v7e-m+fp/hard\libc_nano.a(libc_a-mallocr.o)
 .ARM.attributes
                0x000008cb       0x34 C:/ST/STM32CubeIDE_1.15.1/STM32CubeIDE/plugins/com.st.stm32cube.ide.mcu.externaltools.gnu-tools-for-stm32.12.3.rel1.win32_1.0.200.202406191623/tools/bin/../lib/gcc/arm-none-eabi/12.3.1/../../../../arm-none-eabi/lib/thumb/v7e-m+fp/hard\libc_nano.a(libc_a-mlock.o)
 .ARM.attributes
                0x000008ff       0x34 C:/ST/STM32CubeIDE_1.15.1/STM32CubeIDE/plugins/com.st.stm32cube.ide.mcu.externaltools.gnu-tools-for-stm32.12.3.rel1.win32_1.0.200.202406191623/tools/bin/../lib/gcc/arm-none-eabi/12.3.1/../../../../arm-none-eabi/lib/thumb/v7e-m+fp/hard\libc_nano.a(libc_a-nano-vfprintf.o)
 .ARM.attributes
                0x00000933       0x34 C:/ST/STM32CubeIDE_1.15.1/STM32CubeIDE/plugins/com.st.stm32cube.ide.mcu.externaltools.gnu-tools-for-stm32.12.3.rel1.win32_1.0.200.202406191623/tools/bin/../lib/gcc/arm-none-eabi/12.3.1/../../../../arm-none-eabi/lib/thumb/v7e-m+fp/hard\libc_nano.a(libc_a-nano-vfprintf_i.o)
 .ARM.attributes
                0x00000967       0x34 C:/ST/STM32CubeIDE_1.15.1/STM32CubeIDE/plugins/com.st.stm32cube.ide.mcu.externaltools.gnu-tools-for-stm32.12.3.rel1.win32_1.0.200.202406191623/tools/bin/../lib/gcc/arm-none-eabi/12.3.1/../../../../arm-none-eabi/lib/thumb/v7e-m+fp/hard\libc_nano.a(libc_a-fflush.o)
 .ARM.attributes
                0x0000099b       0x34 C:/ST/STM32CubeIDE_1.15.1/STM32CubeIDE/plugins/com.st.stm32cube.ide.mcu.externaltools.gnu-tools-for-stm32.12.3.rel1.win32_1.0.200.202406191623/tools/bin/../lib/gcc/arm-none-eabi/12.3.1/../../../../arm-none-eabi/lib/thumb/v7e-m+fp/hard\libc_nano.a(libc_a-makebuf.o)
 .ARM.attributes
                0x000009cf       0x34 C:/ST/STM32CubeIDE_1.15.1/STM32CubeIDE/plugins/com.st.stm32cube.ide.mcu.externaltools.gnu-tools-for-stm32.12.3.rel1.win32_1.0.200.202406191623/tools/bin/../lib/gcc/arm-none-eabi/12.3.1/../../../../arm-none-eabi/lib/thumb/v7e-m+fp/hard\libc_nano.a(libc_a-fstatr.o)
 .ARM.attributes
                0x00000a03       0x34 C:/ST/STM32CubeIDE_1.15.1/STM32CubeIDE/plugins/com.st.stm32cube.ide.mcu.externaltools.gnu-tools-for-stm32.12.3.rel1.win32_1.0.200.202406191623/tools/bin/../lib/gcc/arm-none-eabi/12.3.1/../../../../arm-none-eabi/lib/thumb/v7e-m+fp/hard\libc_nano.a(libc_a-isattyr.o)
 .ARM.attributes
                0x00000a37       0x34 C:/ST/STM32CubeIDE_1.15.1/STM32CubeIDE/plugins/com.st.stm32cube.ide.mcu.externaltools.gnu-tools-for-stm32.12.3.rel1.win32_1.0.200.202406191623/tools/bin/../lib/gcc/arm-none-eabi/12.3.1/../../../../arm-none-eabi/lib/thumb/v7e-m+fp/hard\libc_nano.a(libc_a-sbrkr.o)
 .ARM.attributes
                0x00000a6b       0x1c C:/ST/STM32CubeIDE_1.15.1/STM32CubeIDE/plugins/com.st.stm32cube.ide.mcu.externaltools.gnu-tools-for-stm32.12.3.rel1.win32_1.0.200.202406191623/tools/bin/../lib/gcc/arm-none-eabi/12.3.1/../../../../arm-none-eabi/lib/thumb/v7e-m+fp/hard\libc_nano.a(libc_a-memchr.o)
 .ARM.attributes
                0x00000a87       0x22 C:/ST/STM32CubeIDE_1.15.1/STM32CubeIDE/plugins/com.st.stm32cube.ide.mcu.externaltools.gnu-tools-for-stm32.12.3.rel1.win32_1.0.200.202406191623/tools/bin/../lib/gcc/arm-none-eabi/12.3.1/thumb/v7e-m+fp/hard\libgcc.a(_aeabi_uldivmod.o)
 .ARM.attributes
                0x00000aa9       0x34 C:/ST/STM32CubeIDE_1.15.1/STM32CubeIDE/plugins/com.st.stm32cube.ide.mcu.externaltools.gnu-tools-for-stm32.12.3.rel1.win32_1.0.200.202406191623/tools/bin/../lib/gcc/arm-none-eabi/12.3.1/thumb/v7e-m+fp/hard\libgcc.a(_udivmoddi4.o)
 .ARM.attributes
                0x00000add       0x22 C:/ST/STM32CubeIDE_1.15.1/STM32CubeIDE/plugins/com.st.stm32cube.ide.mcu.externaltools.gnu-tools-for-stm32.12.3.rel1.win32_1.0.200.202406191623/tools/bin/../lib/gcc/arm-none-eabi/12.3.1/thumb/v7e-m+fp/hard\libgcc.a(_dvmd_tls.o)
 .ARM.attributes
                0x00000aff       0x22 C:/ST/STM32CubeIDE_1.15.1/STM32CubeIDE/plugins/com.st.stm32cube.ide.mcu.externaltools.gnu-tools-for-stm32.12.3.rel1.win32_1.0.200.202406191623/tools/bin/../lib/gcc/arm-none-eabi/12.3.1/thumb/v7e-m+fp/hard/crtn.o
OUTPUT(W5300_STM32F429_dhcp.elf elf32-littlearm)
LOAD linker stubs
LOAD C:/ST/STM32CubeIDE_1.15.1/STM32CubeIDE/plugins/com.st.stm32cube.ide.mcu.externaltools.gnu-tools-for-stm32.12.3.rel1.win32_1.0.200.202406191623/tools/bin/../lib/gcc/arm-none-eabi/12.3.1/../../../../arm-none-eabi/lib/thumb/v7e-m+fp/hard\libc.a
LOAD C:/ST/STM32CubeIDE_1.15.1/STM32CubeIDE/plugins/com.st.stm32cube.ide.mcu.externaltools.gnu-tools-for-stm32.12.3.rel1.win32_1.0.200.202406191623/tools/bin/../lib/gcc/arm-none-eabi/12.3.1/../../../../arm-none-eabi/lib/thumb/v7e-m+fp/hard\libm.a
LOAD C:/ST/STM32CubeIDE_1.15.1/STM32CubeIDE/plugins/com.st.stm32cube.ide.mcu.externaltools.gnu-tools-for-stm32.12.3.rel1.win32_1.0.200.202406191623/tools/bin/../lib/gcc/arm-none-eabi/12.3.1/thumb/v7e-m+fp/hard\libgcc.a

.debug_info     0x00000000    0x11d01
 .debug_info    0x00000000     0x175e ./Core/Src/main.o
 .debug_info    0x0000175e     0x1244 ./Core/Src/stm32f4xx_hal_msp.o
 .debug_info    0x000029a2      0x6e1 ./Core/Src/stm32f4xx_it.o
 .debug_info    0x00003083      0x6a3 ./Core/Src/syscalls.o
 .debug_info    0x00003726      0x168 ./Core/Src/sysmem.o
 .debug_info    0x0000388e      0x52e ./Core/Src/system_stm32f4xx.o
 .debug_info    0x00003dbc       0x30 ./Core/Startup/startup_stm32f429zitx.o
 .debug_info    0x00003dec      0x9ba ./Drivers/STM32F4xx_HAL_Driver/Src/stm32f4xx_hal.o
 .debug_info    0x000047a6      0xdc2 ./Drivers/STM32F4xx_HAL_Driver/Src/stm32f4xx_hal_cortex.o
 .debug_info    0x00005568      0x6db ./Drivers/STM32F4xx_HAL_Driver/Src/stm32f4xx_hal_gpio.o
 .debug_info    0x00005c43      0x6be ./Drivers/STM32F4xx_HAL_Driver/Src/stm32f4xx_hal_pwr_ex.o
 .debug_info    0x00006301      0x8c7 ./Drivers/STM32F4xx_HAL_Driver/Src/stm32f4xx_hal_rcc.o
 .debug_info    0x00006bc8      0xd4b ./Drivers/STM32F4xx_HAL_Driver/Src/stm32f4xx_hal_sram.o
 .debug_info    0x00007913     0x299d ./Drivers/STM32F4xx_HAL_Driver/Src/stm32f4xx_hal_tim.o
 .debug_info    0x0000a2b0     0x14db ./Drivers/STM32F4xx_HAL_Driver/Src/stm32f4xx_hal_tim_ex.o
 .debug_info    0x0000b78b     0x2f4f ./Drivers/STM32F4xx_HAL_Driver/Src/stm32f4xx_hal_uart.o
 .debug_info    0x0000e6da      0xe08 ./Drivers/STM32F4xx_HAL_Driver/Src/stm32f4xx_ll_fmc.o
 .debug_info    0x0000f4e2      0x504 ./Libraries/ioLibrary_Driver/Ethernet/W5300/w5300.o
 .debug_info    0x0000f9e6      0x7a2 ./Libraries/ioLibrary_Driver/Ethernet/socket.o
 .debug_info    0x00010188      0xb04 ./Libraries/ioLibrary_Driver/Ethernet/wizchip_conf.o
 .debug_info    0x00010c8c      0x9ea ./Libraries/ioLibrary_Driver/Internet/DHCP/dhcp.o
 .debug_info    0x00011676      0x3b3 ./Port/ioLibrary_Driver/src/w5x00_bus.o
 .debug_info    0x00011a29      0x2d8 ./Port/ioLibrary_Driver/src/w5x00_network.o

.debug_abbrev   0x00000000     0x2e80
 .debug_abbrev  0x00000000      0x30c ./Core/Src/main.o
 .debug_abbrev  0x0000030c      0x24e ./Core/Src/stm32f4xx_hal_msp.o
 .debug_abbrev  0x0000055a      0x192 ./Core/Src/stm32f4xx_it.o
 .debug_abbrev  0x000006ec      0x1b6 ./Core/Src/syscalls.o
 .debug_abbrev  0x000008a2       0xbc ./Core/Src/sysmem.o
 .debug_abbrev  0x0000095e      0x11a ./Core/Src/system_stm32f4xx.o
 .debug_abbrev  0x00000a78       0x24 ./Core/Startup/startup_stm32f429zitx.o
 .debug_abbrev  0x00000a9c      0x214 ./Drivers/STM32F4xx_HAL_Driver/Src/stm32f4xx_hal.o
 .debug_abbrev  0x00000cb0      0x31d ./Drivers/STM32F4xx_HAL_Driver/Src/stm32f4xx_hal_cortex.o
 .debug_abbrev  0x00000fcd      0x1d4 ./Drivers/STM32F4xx_HAL_Driver/Src/stm32f4xx_hal_gpio.o
 .debug_abbrev  0x000011a1      0x1cf ./Drivers/STM32F4xx_HAL_Driver/Src/stm32f4xx_hal_pwr_ex.o
 .debug_abbrev  0x00001370      0x2b7 ./Drivers/STM32F4xx_HAL_Driver/Src/stm32f4xx_hal_rcc.o
 .debug_abbrev  0x00001627      0x20b ./Drivers/STM32F4xx_HAL_Driver/Src/stm32f4xx_hal_sram.o
 .debug_abbrev  0x00001832      0x278 ./Drivers/STM32F4xx_HAL_Driver/Src/stm32f4xx_hal_tim.o
 .debug_abbrev  0x00001aaa      0x283 ./Drivers/STM32F4xx_HAL_Driver/Src/stm32f4xx_hal_tim_ex.o
 .debug_abbrev  0x00001d2d      0x30e ./Drivers/STM32F4xx_HAL_Driver/Src/stm32f4xx_hal_uart.o
 .debug_abbrev  0x0000203b      0x1ab ./Drivers/STM32F4xx_HAL_Driver/Src/stm32f4xx_ll_fmc.o
 .debug_abbrev  0x000021e6      0x1f4 ./Libraries/ioLibrary_Driver/Ethernet/W5300/w5300.o
 .debug_abbrev  0x000023da      0x1c0 ./Libraries/ioLibrary_Driver/Ethernet/socket.o
 .debug_abbrev  0x0000259a      0x340 ./Libraries/ioLibrary_Driver/Ethernet/wizchip_conf.o
 .debug_abbrev  0x000028da      0x238 ./Libraries/ioLibrary_Driver/Internet/DHCP/dhcp.o
 .debug_abbrev  0x00002b12      0x1fb ./Port/ioLibrary_Driver/src/w5x00_bus.o
 .debug_abbrev  0x00002d0d      0x173 ./Port/ioLibrary_Driver/src/w5x00_network.o

.debug_aranges  0x00000000     0x11f0
 .debug_aranges
                0x00000000       0x80 ./Core/Src/main.o
 .debug_aranges
                0x00000080       0x60 ./Core/Src/stm32f4xx_hal_msp.o
 .debug_aranges
                0x000000e0       0x68 ./Core/Src/stm32f4xx_it.o
 .debug_aranges
                0x00000148       0xa8 ./Core/Src/syscalls.o
 .debug_aranges
                0x000001f0       0x20 ./Core/Src/sysmem.o
 .debug_aranges
                0x00000210       0x28 ./Core/Src/system_stm32f4xx.o
 .debug_aranges
                0x00000238       0x28 ./Core/Startup/startup_stm32f429zitx.o
 .debug_aranges
                0x00000260      0x100 ./Drivers/STM32F4xx_HAL_Driver/Src/stm32f4xx_hal.o
 .debug_aranges
                0x00000360      0x130 ./Drivers/STM32F4xx_HAL_Driver/Src/stm32f4xx_hal_cortex.o
 .debug_aranges
                0x00000490       0x58 ./Drivers/STM32F4xx_HAL_Driver/Src/stm32f4xx_hal_gpio.o
 .debug_aranges
                0x000004e8       0x60 ./Drivers/STM32F4xx_HAL_Driver/Src/stm32f4xx_hal_pwr_ex.o
 .debug_aranges
                0x00000548       0x88 ./Drivers/STM32F4xx_HAL_Driver/Src/stm32f4xx_hal_rcc.o
 .debug_aranges
                0x000005d0       0xb8 ./Drivers/STM32F4xx_HAL_Driver/Src/stm32f4xx_hal_sram.o
 .debug_aranges
                0x00000688      0x3d0 ./Drivers/STM32F4xx_HAL_Driver/Src/stm32f4xx_hal_tim.o
 .debug_aranges
                0x00000a58      0x168 ./Drivers/STM32F4xx_HAL_Driver/Src/stm32f4xx_hal_tim_ex.o
 .debug_aranges
                0x00000bc0      0x208 ./Drivers/STM32F4xx_HAL_Driver/Src/stm32f4xx_hal_uart.o
 .debug_aranges
                0x00000dc8       0xf0 ./Drivers/STM32F4xx_HAL_Driver/Src/stm32f4xx_ll_fmc.o
 .debug_aranges
                0x00000eb8       0x70 ./Libraries/ioLibrary_Driver/Ethernet/W5300/w5300.o
 .debug_aranges
                0x00000f28       0x78 ./Libraries/ioLibrary_Driver/Ethernet/socket.o
 .debug_aranges
                0x00000fa0      0x110 ./Libraries/ioLibrary_Driver/Ethernet/wizchip_conf.o
 .debug_aranges
                0x000010b0       0xc8 ./Libraries/ioLibrary_Driver/Internet/DHCP/dhcp.o
 .debug_aranges
                0x00001178       0x50 ./Port/ioLibrary_Driver/src/w5x00_bus.o
 .debug_aranges
                0x000011c8       0x28 ./Port/ioLibrary_Driver/src/w5x00_network.o

.debug_rnglists
                0x00000000      0xde5
 .debug_rnglists
                0x00000000       0x60 ./Core/Src/main.o
 .debug_rnglists
                0x00000060       0x45 ./Core/Src/stm32f4xx_hal_msp.o
 .debug_rnglists
                0x000000a5       0x49 ./Core/Src/stm32f4xx_it.o
 .debug_rnglists
                0x000000ee       0x79 ./Core/Src/syscalls.o
 .debug_rnglists
                0x00000167       0x13 ./Core/Src/sysmem.o
 .debug_rnglists
                0x0000017a       0x1a ./Core/Src/system_stm32f4xx.o
 .debug_rnglists
                0x00000194       0x19 ./Core/Startup/startup_stm32f429zitx.o
 .debug_rnglists
                0x000001ad       0xbb ./Drivers/STM32F4xx_HAL_Driver/Src/stm32f4xx_hal.o
 .debug_rnglists
                0x00000268       0xe0 ./Drivers/STM32F4xx_HAL_Driver/Src/stm32f4xx_hal_cortex.o
 .debug_rnglists
                0x00000348       0x3f ./Drivers/STM32F4xx_HAL_Driver/Src/stm32f4xx_hal_gpio.o
 .debug_rnglists
                0x00000387       0x47 ./Drivers/STM32F4xx_HAL_Driver/Src/stm32f4xx_hal_pwr_ex.o
 .debug_rnglists
                0x000003ce       0x66 ./Drivers/STM32F4xx_HAL_Driver/Src/stm32f4xx_hal_rcc.o
 .debug_rnglists
                0x00000434       0x8d ./Drivers/STM32F4xx_HAL_Driver/Src/stm32f4xx_hal_sram.o
 .debug_rnglists