../Core/Src/main.c:91:1:__io_putchar	16	static
../Core/Src/main.c:107:6:HAL_TIM_PeriodElapsedCallback	16	static
../Core/Src/main.c:121:5:main	16	static
../Core/Src/main.c:215:6:SystemClock_Config	88	static
../Core/Src/main.c:268:13:MX_TIM1_Init	32	static
../Core/Src/main.c:314:13:MX_USART3_UART_Init	8	static
../Core/Src/main.c:343:13:MX_FMC_Init	40	static
../Core/Src/main.c:401:13:MX_GPIO_Init	56	static
../Core/Src/main.c:442:13:wizchip_dhcp_init	8	static
../Core/Src/main.c:451:13:wizchip_dhcp_assign	8	static
../Core/Src/main.c:466:13:wizchip_dhcp_conflict	8	static
../Core/Src/main.c:474:13:repeating_timer_callback	8	static
../Core/Src/main.c:490:6:Error_Handler	4	static,ignoring_inline_asm
