C:/Users/Grace/STM32CubeIDE/workspace_1.15.1/NUCLEO-F429ZI/Libraries/ioLibrary_Driver/Ethernet/socket.c:106:8:socket	32	static
C:/Users/Grace/STM32CubeIDE/workspace_1.15.1/NUCLEO-F429ZI/Libraries/ioLibrary_Driver/Ethernet/socket.c:199:8:close	40	static
C:/Users/Grace/STM32CubeIDE/workspace_1.15.1/NUCLEO-F429ZI/Libraries/ioLibrary_Driver/Ethernet/socket.c:242:8:listen	16	static
C:/Users/Grace/STM32CubeIDE/workspace_1.15.1/NUCLEO-F429ZI/Libraries/ioLibrary_Driver/Ethernet/socket.c:258:8:connect	24	static
C:/Users/Grace/STM32CubeIDE/workspace_1.15.1/NUCLEO-F429ZI/Libraries/ioLibrary_Driver/Ethernet/socket.c:298:8:disconnect	16	static
C:/Users/Grace/STM32CubeIDE/workspace_1.15.1/NUCLEO-F429ZI/Libraries/ioLibrary_Driver/Ethernet/socket.c:318:9:send	24	static
C:/Users/Grace/STM32CubeIDE/workspace_1.15.1/NUCLEO-F429ZI/Libraries/ioLibrary_Driver/Ethernet/socket.c:386:9:recv	32	static
C:/Users/Grace/STM32CubeIDE/workspace_1.15.1/NUCLEO-F429ZI/Libraries/ioLibrary_Driver/Ethernet/socket.c:491:9:sendto	32	static
C:/Users/Grace/STM32CubeIDE/workspace_1.15.1/NUCLEO-F429ZI/Libraries/ioLibrary_Driver/Ethernet/socket.c:595:9:recvfrom	40	static
C:/Users/Grace/STM32CubeIDE/workspace_1.15.1/NUCLEO-F429ZI/Libraries/ioLibrary_Driver/Ethernet/socket.c:777:9:ctlsocket	24	static
C:/Users/Grace/STM32CubeIDE/workspace_1.15.1/NUCLEO-F429ZI/Libraries/ioLibrary_Driver/Ethernet/socket.c:823:9:setsockopt	24	static
C:/Users/Grace/STM32CubeIDE/workspace_1.15.1/NUCLEO-F429ZI/Libraries/ioLibrary_Driver/Ethernet/socket.c:876:9:getsockopt	16	static
